Archive member included because of file (symbol)

c:/program files (x86)/microchip/mplab c32 suite/bin/../lib/gcc/pic32mx/4.5.1/../../../../pic32mx/lib\libc.a(memset.o)
                              usb_device.o (memset)
c:/program files (x86)/microchip/mplab c32 suite/bin/../lib/gcc/pic32mx/4.5.1/../../../../pic32mx/lib\libc.a(general-exception.o)
                              c:/program files (x86)/microchip/mplab c32 suite/bin/../lib/gcc/pic32mx/4.5.1/../../../../pic32mx/lib/crt0.o (_general_exception_context)
c:/program files (x86)/microchip/mplab c32 suite/bin/../lib/gcc/pic32mx/4.5.1/../../../../pic32mx/lib\libc.a(default-general-exception-handler.o)
                              c:/program files (x86)/microchip/mplab c32 suite/bin/../lib/gcc/pic32mx/4.5.1/../../../../pic32mx/lib\libc.a(general-exception.o) (_general_exception_handler)
c:/program files (x86)/microchip/mplab c32 suite/bin/../lib/gcc/pic32mx/4.5.1/../../../../pic32mx/lib\libc.a(default-bootstrap-exception-handler.o)
                              c:/program files (x86)/microchip/mplab c32 suite/bin/../lib/gcc/pic32mx/4.5.1/../../../../pic32mx/lib/crt0.o (_bootstrap_exception_handler)
c:/program files (x86)/microchip/mplab c32 suite/bin/../lib/gcc/pic32mx/4.5.1/../../../../pic32mx/lib\libc.a(default-on-reset.o)
                              c:/program files (x86)/microchip/mplab c32 suite/bin/../lib/gcc/pic32mx/4.5.1/../../../../pic32mx/lib/crt0.o (_on_reset)
c:/program files (x86)/microchip/mplab c32 suite/bin/../lib/gcc/pic32mx/4.5.1/../../../../pic32mx/lib\libc.a(default-on-bootstrap.o)
                              c:/program files (x86)/microchip/mplab c32 suite/bin/../lib/gcc/pic32mx/4.5.1/../../../../pic32mx/lib/crt0.o (_on_bootstrap)
c:/program files (x86)/microchip/mplab c32 suite/bin/../lib/gcc/pic32mx/4.5.1/../../../../pic32mx/lib\libc.a(default-nmi-handler.o)
                              c:/program files (x86)/microchip/mplab c32 suite/bin/../lib/gcc/pic32mx/4.5.1/../../../../pic32mx/lib/crt0.o (_nmi_handler)
c:/program files (x86)/microchip/mplab c32 suite/bin/../lib/gcc/pic32mx/4.5.1/../../../../pic32mx/lib\libmchp_peripheral_32MX795F512L.a(int_enable_interrupts_lib.o)
                              usb_device.o (INTEnableInterrupts)
c:/program files (x86)/microchip/mplab c32 suite/bin/../lib/gcc/pic32mx/4.5.1/../../../../pic32mx/lib\libmchp_peripheral_32MX795F512L.a(int_enable_mv_int_lib.o)
                              usb_device.o (INTEnableSystemMultiVectoredInt)
c:/program files (x86)/microchip/mplab c32 suite/bin/../lib/gcc/pic32mx/4.5.1/../../../../pic32mx/lib\libmchp_peripheral_32MX795F512L.a(nvm_erase_page_lib.o)
                              dee_emulation_pic32.o (NVMErasePage)
c:/program files (x86)/microchip/mplab c32 suite/bin/../lib/gcc/pic32mx/4.5.1/../../../../pic32mx/lib\libmchp_peripheral_32MX795F512L.a(nvm_operation_lib.o)
                              c:/program files (x86)/microchip/mplab c32 suite/bin/../lib/gcc/pic32mx/4.5.1/../../../../pic32mx/lib\libmchp_peripheral_32MX795F512L.a(nvm_erase_page_lib.o) (_NVMOperation)
c:/program files (x86)/microchip/mplab c32 suite/bin/../lib/gcc/pic32mx/4.5.1/../../../../pic32mx/lib\libmchp_peripheral_32MX795F512L.a(nvm_write_word_lib.o)
                              dee_emulation_pic32.o (NVMWriteWord)
c:/program files (x86)/microchip/mplab c32 suite/bin/../lib/gcc/pic32mx/4.5.1/../../../../pic32mx/lib\libmchp_peripheral_32MX795F512L.a(int_disable_interrupts_lib.o)
                              c:/program files (x86)/microchip/mplab c32 suite/bin/../lib/gcc/pic32mx/4.5.1/../../../../pic32mx/lib\libmchp_peripheral_32MX795F512L.a(nvm_operation_lib.o) (INTDisableInterrupts)
c:/program files (x86)/microchip/mplab c32 suite/bin/../lib/gcc/pic32mx/4.5.1/../../../../pic32mx/lib\libmchp_peripheral_32MX795F512L.a(int_restore_interrupts_lib.o)
                              c:/program files (x86)/microchip/mplab c32 suite/bin/../lib/gcc/pic32mx/4.5.1/../../../../pic32mx/lib\libmchp_peripheral_32MX795F512L.a(nvm_operation_lib.o) (INTRestoreInterrupts)

Allocating common symbols
Common symbol       size              file

inPipes             0x7               usb_device.o
board               0x24              main.o
USTATcopy           0x1               usb_device.o
CtrlTrfData         0x8               usb_device.o
RemoteWakeup        0x4               usb_device.o
controlTransferState
                    0x1               usb_device.o
pDst                0x4               main.o
ix                  0x4               main.o
SetupPkt            0x8               usb_device.o
pBDTEntryEP0OutNext
                    0x4               usb_device.o
USBAlternateInterface
                    0x1               usb_device.o
outPipes            0xb               usb_device.o
txferSize           0x4               main.o
ToSendDataBuffer    0x40              main.o
active_protocol     0x1               usb_function_hid.o
BothEP0OutUOWNsSet  0x4               usb_device.o
hid_report_out      0x2               usb_device.o
dataEEFlags         0x4               dee_emulation_pic32.o
pBDTEntryOut        0xc               usb_device.o
USBActiveConfiguration
                    0x1               usb_device.o
pSrc                0x4               main.o
rdData              0x4               main.o
ReceivedDataBuffer  0x40              main.o
USBDeviceState      0x4               usb_device.o
pBDTEntryIn         0xc               usb_device.o
USBInData           0x8               usb_device.o
pBDTEntryEP0OutCurrent
                    0x4               usb_device.o
shortPacketStatus   0x1               usb_device.o
USBInMaxPacketSize  0x4               usb_device.o
idle_rate           0x1               usb_function_hid.o
hid_report_in       0x2               usb_device.o
BDT                 0x60              usb_device.o
moveCount           0x4               main.o

Microchip PIC32 Memory-Usage Report

kseg0 Program-Memory Usage
section                    address  length [bytes]      (dec)  Description
-------                 ----------  -------------------------  -----------
.text                   0x9d000008          0x3d0         976  App's exec code 
.text._NVMOperation     0x9d0003d8          0x114         276   
.text.general_exception 0x9d0004ec           0xd0         208   
.rodata                 0x9d0005bc           0xb4         180  Read-only const 
.text                   0x9d000670           0xa8         168  App's exec code 
.dinit                  0x9d000718           0x44          68   
.text.INTEnableSystemMu 0x9d00075c           0x34          52   
.text.NVMWriteWord      0x9d000790           0x34          52   
.text.NVMErasePage      0x9d0007c4           0x2c          44   
.text.INTRestoreInterru 0x9d0007f0           0x1c          28   
.text                   0x9d00080c           0x28          40  App's exec code 
.text._general_exceptio 0x9d000834            0xc          12   
.text._bootstrap_except 0x9d000840            0xc          12   
.text._on_reset         0x9d00084c            0x8           8   
.text._on_bootstrap     0x9d000854            0x8           8   
.text.INTEnableInterrup 0x9d00085c            0x8           8   
.text.INTDisableInterru 0x9d000864            0x8           8   
.rodata                 0x9d001000         0x3000       12288  Read-only const 
.text                   0x9d004000         0x5a48       23112  App's exec code 
      Total kseg0_program_mem used  :      0x92ac       37548  7.2% of 0x80000

kseg0 Boot-Memory Usage
section                    address  length [bytes]      (dec)  Description
-------                 ----------  -------------------------  -----------
         Total kseg0_boot_mem used  :           0           0  <1% of 0x970

Exception-Memory Usage 
section                    address  length [bytes]      (dec)  Description
-------                 ----------  -------------------------  -----------
.app_excpt              0x9fc01180           0x10          16  General-Exception 
.vector_45              0x9fc017a0            0x8           8  Interrupt Vector 45 
          Total exception_mem used  :        0x18          24  0.6% of 0x1000

kseg1 Boot-Memory Usage
section                    address  length [bytes]      (dec)  Description
-------                 ----------  -------------------------  -----------
.reset                  0xbfc00000          0x1f4         500  Reset handler 
.bev_excpt              0xbfc00380           0x10          16  BEV-Exception 
         Total kseg1_boot_mem used  :       0x204         516  44.2% of 0x490
        --------------------------------------------------------------------------
         Total Program Memory used  :      0x94c8       38088  7.2% of 0x81e00
        --------------------------------------------------------------------------


kseg1 Data-Memory Usage
section                    address  length [bytes]      (dec)  Description
-------                 ----------  -------------------------  -----------
.sdata                  0xa0000000            0x4           4  Small init data 
.sbss                   0xa0000004           0x90         144  Small uninit data 
.bss                    0xa0000200          0x460        1120  Uninitialized data 
         Total kseg1_data_mem used  :       0x4f4        1268  1.0% of 0x20000
        --------------------------------------------------------------------------
            Total Data Memory used  :       0x4f4        1268  1.0% of 0x20000
        --------------------------------------------------------------------------


Dynamic Data-Memory Reservation
section                    address  length [bytes]      (dec)  Description
-------                 ----------  -------------------------  -----------
heap                    0xa0000668              0           0  Reserved for heap 
stack                   0xa0000680        0x1f978      129400  Reserved for stack 

        --------------------------------------------------------------------------

Discarded input sections

 .reginfo       0x00000000       0x18 c:/program files (x86)/microchip/mplab c32 suite/bin/../lib/gcc/pic32mx/4.5.1/../../../../pic32mx/lib/crt0.o
 .pdr           0x00000000       0xa0 c:/program files (x86)/microchip/mplab c32 suite/bin/../lib/gcc/pic32mx/4.5.1/../../../../pic32mx/lib/crt0.o
 .reginfo       0x00000000       0x18 usb_descriptors.o
 .pdr           0x00000000        0x0 usb_descriptors.o
 .reginfo       0x00000000       0x18 main.o
 .pdr           0x00000000      0x1e0 main.o
 .reginfo       0x00000000       0x18 usb_device.o
 .pdr           0x00000000      0x340 usb_device.o
 .reginfo       0x00000000       0x18 usb_function_hid.o
 .pdr           0x00000000       0x20 usb_function_hid.o
 .reginfo       0x00000000       0x18 dee_emulation_pic32.o
 .pdr           0x00000000      0x160 dee_emulation_pic32.o
 .reginfo       0x00000000       0x18 c:/program files (x86)/microchip/mplab c32 suite/bin/../lib/gcc/pic32mx/4.5.1/../../../../pic32mx/lib\libc.a(memset.o)
 .pdr           0x00000000       0x20 c:/program files (x86)/microchip/mplab c32 suite/bin/../lib/gcc/pic32mx/4.5.1/../../../../pic32mx/lib\libc.a(memset.o)
 .reginfo       0x00000000       0x18 c:/program files (x86)/microchip/mplab c32 suite/bin/../lib/gcc/pic32mx/4.5.1/../../../../pic32mx/lib\libc.a(general-exception.o)
 .pdr           0x00000000       0x20 c:/program files (x86)/microchip/mplab c32 suite/bin/../lib/gcc/pic32mx/4.5.1/../../../../pic32mx/lib\libc.a(general-exception.o)
 .reginfo       0x00000000       0x18 c:/program files (x86)/microchip/mplab c32 suite/bin/../lib/gcc/pic32mx/4.5.1/../../../../pic32mx/lib\libc.a(default-general-exception-handler.o)
 .pdr           0x00000000       0x20 c:/program files (x86)/microchip/mplab c32 suite/bin/../lib/gcc/pic32mx/4.5.1/../../../../pic32mx/lib\libc.a(default-general-exception-handler.o)
 .reginfo       0x00000000       0x18 c:/program files (x86)/microchip/mplab c32 suite/bin/../lib/gcc/pic32mx/4.5.1/../../../../pic32mx/lib\libc.a(default-bootstrap-exception-handler.o)
 .pdr           0x00000000       0x20 c:/program files (x86)/microchip/mplab c32 suite/bin/../lib/gcc/pic32mx/4.5.1/../../../../pic32mx/lib\libc.a(default-bootstrap-exception-handler.o)
 .reginfo       0x00000000       0x18 c:/program files (x86)/microchip/mplab c32 suite/bin/../lib/gcc/pic32mx/4.5.1/../../../../pic32mx/lib\libc.a(default-on-reset.o)
 .pdr           0x00000000       0x20 c:/program files (x86)/microchip/mplab c32 suite/bin/../lib/gcc/pic32mx/4.5.1/../../../../pic32mx/lib\libc.a(default-on-reset.o)
 .reginfo       0x00000000       0x18 c:/program files (x86)/microchip/mplab c32 suite/bin/../lib/gcc/pic32mx/4.5.1/../../../../pic32mx/lib\libc.a(default-on-bootstrap.o)
 .pdr           0x00000000       0x20 c:/program files (x86)/microchip/mplab c32 suite/bin/../lib/gcc/pic32mx/4.5.1/../../../../pic32mx/lib\libc.a(default-on-bootstrap.o)
 .reginfo       0x00000000       0x18 c:/program files (x86)/microchip/mplab c32 suite/bin/../lib/gcc/pic32mx/4.5.1/../../../../pic32mx/lib\libc.a(default-nmi-handler.o)
 .pdr           0x00000000       0x20 c:/program files (x86)/microchip/mplab c32 suite/bin/../lib/gcc/pic32mx/4.5.1/../../../../pic32mx/lib\libc.a(default-nmi-handler.o)
 .reginfo       0x00000000       0x18 c:/program files (x86)/microchip/mplab c32 suite/bin/../lib/gcc/pic32mx/4.5.1/../../../../pic32mx/lib\libmchp_peripheral_32MX795F512L.a(int_enable_interrupts_lib.o)
 .pdr           0x00000000       0x20 c:/program files (x86)/microchip/mplab c32 suite/bin/../lib/gcc/pic32mx/4.5.1/../../../../pic32mx/lib\libmchp_peripheral_32MX795F512L.a(int_enable_interrupts_lib.o)
 .reginfo       0x00000000       0x18 c:/program files (x86)/microchip/mplab c32 suite/bin/../lib/gcc/pic32mx/4.5.1/../../../../pic32mx/lib\libmchp_peripheral_32MX795F512L.a(int_enable_mv_int_lib.o)
 .pdr           0x00000000       0x20 c:/program files (x86)/microchip/mplab c32 suite/bin/../lib/gcc/pic32mx/4.5.1/../../../../pic32mx/lib\libmchp_peripheral_32MX795F512L.a(int_enable_mv_int_lib.o)
 .reginfo       0x00000000       0x18 c:/program files (x86)/microchip/mplab c32 suite/bin/../lib/gcc/pic32mx/4.5.1/../../../../pic32mx/lib\libmchp_peripheral_32MX795F512L.a(nvm_erase_page_lib.o)
 .pdr           0x00000000       0x20 c:/program files (x86)/microchip/mplab c32 suite/bin/../lib/gcc/pic32mx/4.5.1/../../../../pic32mx/lib\libmchp_peripheral_32MX795F512L.a(nvm_erase_page_lib.o)
 .reginfo       0x00000000       0x18 c:/program files (x86)/microchip/mplab c32 suite/bin/../lib/gcc/pic32mx/4.5.1/../../../../pic32mx/lib\libmchp_peripheral_32MX795F512L.a(nvm_operation_lib.o)
 .pdr           0x00000000       0x20 c:/program files (x86)/microchip/mplab c32 suite/bin/../lib/gcc/pic32mx/4.5.1/../../../../pic32mx/lib\libmchp_peripheral_32MX795F512L.a(nvm_operation_lib.o)
 .reginfo       0x00000000       0x18 c:/program files (x86)/microchip/mplab c32 suite/bin/../lib/gcc/pic32mx/4.5.1/../../../../pic32mx/lib\libmchp_peripheral_32MX795F512L.a(nvm_write_word_lib.o)
 .pdr           0x00000000       0x20 c:/program files (x86)/microchip/mplab c32 suite/bin/../lib/gcc/pic32mx/4.5.1/../../../../pic32mx/lib\libmchp_peripheral_32MX795F512L.a(nvm_write_word_lib.o)
 .reginfo       0x00000000       0x18 c:/program files (x86)/microchip/mplab c32 suite/bin/../lib/gcc/pic32mx/4.5.1/../../../../pic32mx/lib\libmchp_peripheral_32MX795F512L.a(int_disable_interrupts_lib.o)
 .pdr           0x00000000       0x20 c:/program files (x86)/microchip/mplab c32 suite/bin/../lib/gcc/pic32mx/4.5.1/../../../../pic32mx/lib\libmchp_peripheral_32MX795F512L.a(int_disable_interrupts_lib.o)
 .reginfo       0x00000000       0x18 c:/program files (x86)/microchip/mplab c32 suite/bin/../lib/gcc/pic32mx/4.5.1/../../../../pic32mx/lib\libmchp_peripheral_32MX795F512L.a(int_restore_interrupts_lib.o)
 .pdr           0x00000000       0x20 c:/program files (x86)/microchip/mplab c32 suite/bin/../lib/gcc/pic32mx/4.5.1/../../../../pic32mx/lib\libmchp_peripheral_32MX795F512L.a(int_restore_interrupts_lib.o)
 .reginfo       0x00000000       0x18 c:/program files (x86)/microchip/mplab c32 suite/bin/../lib/gcc/pic32mx/4.5.1/../../../../pic32mx/lib/./proc/32MX795F512L\processor.o
 .pdr           0x00000000        0x0 c:/program files (x86)/microchip/mplab c32 suite/bin/../lib/gcc/pic32mx/4.5.1/../../../../pic32mx/lib/./proc/32MX795F512L\processor.o

Memory Configuration

Name             Origin             Length             Attributes
kseg0_program_mem 0x9d000000         0x00080000         xr
kseg0_boot_mem   0x9fc00490         0x00000970
exception_mem    0x9fc01000         0x00001000
kseg1_boot_mem   0xbfc00000         0x00000490
debug_exec_mem   0xbfc02000         0x00000ff0
config3          0xbfc02ff0         0x00000004
config2          0xbfc02ff4         0x00000004
config1          0xbfc02ff8         0x00000004
config0          0xbfc02ffc         0x00000004
kseg1_data_mem   0xa0000000         0x00020000         w !x
sfrs             0xbf800000         0x00100000
configsfrs       0xbfc02ff0         0x00000010
*default*        0x00000000         0xffffffff

Linker script and memory map

LOAD c:/program files (x86)/microchip/mplab c32 suite/bin/../lib/gcc/pic32mx/4.5.1/../../../../pic32mx/lib/crt0.o
LOAD usb_descriptors.o
LOAD main.o
LOAD usb_device.o
LOAD usb_function_hid.o
LOAD dee_emulation_pic32.o
                0x00000001                __MPLAB_BUILD = 0x1
                0x00000001                __MPLAB_DEBUG = 0x1
                0x00000001                __MPLAB_DEBUGGER_PIC32MXSK = 0x1
LOAD c:/program files (x86)/microchip/mplab c32 suite/bin/../lib/gcc/pic32mx/4.5.1\libgcc.a
START GROUP
LOAD c:/program files (x86)/microchip/mplab c32 suite/bin/../lib/gcc/pic32mx/4.5.1/../../../../pic32mx/lib\libdebug.a
LOAD c:/program files (x86)/microchip/mplab c32 suite/bin/../lib/gcc/pic32mx/4.5.1/../../../../pic32mx/lib\libc.a
LOAD c:/program files (x86)/microchip/mplab c32 suite/bin/../lib/gcc/pic32mx/4.5.1/../../../../pic32mx/lib\libm.a
LOAD c:/program files (x86)/microchip/mplab c32 suite/bin/../lib/gcc/pic32mx/4.5.1/../../../../pic32mx/lib\libe.a
LOAD c:/program files (x86)/microchip/mplab c32 suite/bin/../lib/gcc/pic32mx/4.5.1/../../../../pic32mx/lib\libdsp.a
LOAD c:/program files (x86)/microchip/mplab c32 suite/bin/../lib/gcc/pic32mx/4.5.1/../../../../pic32mx/lib\libmchp_peripheral.a
LOAD c:/program files (x86)/microchip/mplab c32 suite/bin/../lib/gcc/pic32mx/4.5.1/../../../../pic32mx/lib\libmchp_peripheral_32MX795F512L.a
END GROUP
LOAD c:/program files (x86)/microchip/mplab c32 suite/bin/../lib/gcc/pic32mx/4.5.1\libgcc.a
                0x00000400                PROVIDE (_min_stack_size, 0x400)
                0x00000000                PROVIDE (_min_heap_size, 0x0)
LOAD c:/program files (x86)/microchip/mplab c32 suite/bin/../lib/gcc/pic32mx/4.5.1/../../../../pic32mx/lib/./proc/32MX795F512L\processor.o
                0x00000001                PROVIDE (_vector_spacing, 0x1)
                0x9fc01000                _ebase_address = 0x9fc01000
                0xbfc00000                _RESET_ADDR = 0xbfc00000
                0xbfc00380                _BEV_EXCPT_ADDR = 0xbfc00380
                0xbfc00480                _DBG_EXCPT_ADDR = 0xbfc00480
                0xbfc02000                _DBG_CODE_ADDR = 0xbfc02000
                0x00000ff0                _DBG_CODE_SIZE = 0xff0
                0x9fc01180                _GEN_EXCPT_ADDR = (_ebase_address + 0x180)

.config_BFC02FF0
 *(.config_BFC02FF0)

.config_BFC02FF4
                0xbfc02ff4        0x4
 *(.config_BFC02FF4)
 .config_BFC02FF4
                0xbfc02ff4        0x4 main.o

.config_BFC02FF8
                0xbfc02ff8        0x4
 *(.config_BFC02FF8)
 .config_BFC02FF8
                0xbfc02ff8        0x4 main.o

.config_BFC02FFC
                0xbfc02ffc        0x4
 *(.config_BFC02FFC)
 .config_BFC02FFC
                0xbfc02ffc        0x4 main.o
                0xbfc02000                PROVIDE (_DBG_CODE_ADDR, 0xbfc02000)
                0x00000ff0                PROVIDE (_DBG_CODE_SIZE, 0xff0)

.reset          0xbfc00000      0x1f4
 *(.reset)
 .reset         0xbfc00000       0x10 c:/program files (x86)/microchip/mplab c32 suite/bin/../lib/gcc/pic32mx/4.5.1/../../../../pic32mx/lib/crt0.o
                0xbfc00000                _reset
 *(.reset.startup)
 .reset.startup
                0xbfc00010      0x1e4 c:/program files (x86)/microchip/mplab c32 suite/bin/../lib/gcc/pic32mx/4.5.1/../../../../pic32mx/lib/crt0.o

.bev_excpt      0xbfc00380       0x10
 *(.bev_handler)
 .bev_handler   0xbfc00380       0x10 c:/program files (x86)/microchip/mplab c32 suite/bin/../lib/gcc/pic32mx/4.5.1/../../../../pic32mx/lib/crt0.o

.dbg_excpt      0xbfc00480        0x0
                0xbfc00480                . = (. + DEFINED (_DEBUGGER)?0x8:0x0)

.dbg_code       0xbfc02000        0x0
                0xbfc02000                . = (. + DEFINED (_DEBUGGER)?_DBG_CODE_SIZE:0x0)

.app_excpt      0x9fc01180       0x10
 *(.gen_handler)
 .gen_handler   0x9fc01180       0x10 c:/program files (x86)/microchip/mplab c32 suite/bin/../lib/gcc/pic32mx/4.5.1/../../../../pic32mx/lib/crt0.o

.vector_0       0x9fc01200        0x0
 *(.vector_0)
                0x00000001                ASSERT (((_vector_spacing == 0x0) || (SIZEOF (.vector_0) <= (_vector_spacing << 0x5))), function at exception vector 0 too large)

.vector_1       0x9fc01220        0x0
 *(.vector_1)
                0x00000001                ASSERT (((_vector_spacing == 0x0) || (SIZEOF (.vector_1) <= (_vector_spacing << 0x5))), function at exception vector 1 too large)

.vector_2       0x9fc01240        0x0
 *(.vector_2)
                0x00000001                ASSERT (((_vector_spacing == 0x0) || (SIZEOF (.vector_2) <= (_vector_spacing << 0x5))), function at exception vector 2 too large)

.vector_3       0x9fc01260        0x0
 *(.vector_3)
                0x00000001                ASSERT (((_vector_spacing == 0x0) || (SIZEOF (.vector_3) <= (_vector_spacing << 0x5))), function at exception vector 3 too large)

.vector_4       0x9fc01280        0x0
 *(.vector_4)
                0x00000001                ASSERT (((_vector_spacing == 0x0) || (SIZEOF (.vector_4) <= (_vector_spacing << 0x5))), function at exception vector 4 too large)

.vector_5       0x9fc012a0        0x0
 *(.vector_5)
                0x00000001                ASSERT (((_vector_spacing == 0x0) || (SIZEOF (.vector_5) <= (_vector_spacing << 0x5))), function at exception vector 5 too large)

.vector_6       0x9fc012c0        0x0
 *(.vector_6)
                0x00000001                ASSERT (((_vector_spacing == 0x0) || (SIZEOF (.vector_6) <= (_vector_spacing << 0x5))), function at exception vector 6 too large)

.vector_7       0x9fc012e0        0x0
 *(.vector_7)
                0x00000001                ASSERT (((_vector_spacing == 0x0) || (SIZEOF (.vector_7) <= (_vector_spacing << 0x5))), function at exception vector 7 too large)

.vector_8       0x9fc01300        0x0
 *(.vector_8)
                0x00000001                ASSERT (((_vector_spacing == 0x0) || (SIZEOF (.vector_8) <= (_vector_spacing << 0x5))), function at exception vector 8 too large)

.vector_9       0x9fc01320        0x0
 *(.vector_9)
                0x00000001                ASSERT (((_vector_spacing == 0x0) || (SIZEOF (.vector_9) <= (_vector_spacing << 0x5))), function at exception vector 9 too large)

.vector_10      0x9fc01340        0x0
 *(.vector_10)
                0x00000001                ASSERT (((_vector_spacing == 0x0) || (SIZEOF (.vector_10) <= (_vector_spacing << 0x5))), function at exception vector 10 too large)

.vector_11      0x9fc01360        0x0
 *(.vector_11)
                0x00000001                ASSERT (((_vector_spacing == 0x0) || (SIZEOF (.vector_11) <= (_vector_spacing << 0x5))), function at exception vector 11 too large)

.vector_12      0x9fc01380        0x0
 *(.vector_12)
                0x00000001                ASSERT (((_vector_spacing == 0x0) || (SIZEOF (.vector_12) <= (_vector_spacing << 0x5))), function at exception vector 12 too large)

.vector_13      0x9fc013a0        0x0
 *(.vector_13)
                0x00000001                ASSERT (((_vector_spacing == 0x0) || (SIZEOF (.vector_13) <= (_vector_spacing << 0x5))), function at exception vector 13 too large)

.vector_14      0x9fc013c0        0x0
 *(.vector_14)
                0x00000001                ASSERT (((_vector_spacing == 0x0) || (SIZEOF (.vector_14) <= (_vector_spacing << 0x5))), function at exception vector 14 too large)

.vector_15      0x9fc013e0        0x0
 *(.vector_15)
                0x00000001                ASSERT (((_vector_spacing == 0x0) || (SIZEOF (.vector_15) <= (_vector_spacing << 0x5))), function at exception vector 15 too large)

.vector_16      0x9fc01400        0x0
 *(.vector_16)
                0x00000001                ASSERT (((_vector_spacing == 0x0) || (SIZEOF (.vector_16) <= (_vector_spacing << 0x5))), function at exception vector 16 too large)

.vector_17      0x9fc01420        0x0
 *(.vector_17)
                0x00000001                ASSERT (((_vector_spacing == 0x0) || (SIZEOF (.vector_17) <= (_vector_spacing << 0x5))), function at exception vector 17 too large)

.vector_18      0x9fc01440        0x0
 *(.vector_18)
                0x00000001                ASSERT (((_vector_spacing == 0x0) || (SIZEOF (.vector_18) <= (_vector_spacing << 0x5))), function at exception vector 18 too large)

.vector_19      0x9fc01460        0x0
 *(.vector_19)
                0x00000001                ASSERT (((_vector_spacing == 0x0) || (SIZEOF (.vector_19) <= (_vector_spacing << 0x5))), function at exception vector 19 too large)

.vector_20      0x9fc01480        0x0
 *(.vector_20)
                0x00000001                ASSERT (((_vector_spacing == 0x0) || (SIZEOF (.vector_20) <= (_vector_spacing << 0x5))), function at exception vector 20 too large)

.vector_21      0x9fc014a0        0x0
 *(.vector_21)
                0x00000001                ASSERT (((_vector_spacing == 0x0) || (SIZEOF (.vector_21) <= (_vector_spacing << 0x5))), function at exception vector 21 too large)

.vector_22      0x9fc014c0        0x0
 *(.vector_22)
                0x00000001                ASSERT (((_vector_spacing == 0x0) || (SIZEOF (.vector_22) <= (_vector_spacing << 0x5))), function at exception vector 22 too large)

.vector_23      0x9fc014e0        0x0
 *(.vector_23)
                0x00000001                ASSERT (((_vector_spacing == 0x0) || (SIZEOF (.vector_23) <= (_vector_spacing << 0x5))), function at exception vector 23 too large)

.vector_24      0x9fc01500        0x0
 *(.vector_24)
                0x00000001                ASSERT (((_vector_spacing == 0x0) || (SIZEOF (.vector_24) <= (_vector_spacing << 0x5))), function at exception vector 24 too large)

.vector_25      0x9fc01520        0x0
 *(.vector_25)
                0x00000001                ASSERT (((_vector_spacing == 0x0) || (SIZEOF (.vector_25) <= (_vector_spacing << 0x5))), function at exception vector 25 too large)

.vector_26      0x9fc01540        0x0
 *(.vector_26)
                0x00000001                ASSERT (((_vector_spacing == 0x0) || (SIZEOF (.vector_26) <= (_vector_spacing << 0x5))), function at exception vector 26 too large)

.vector_27      0x9fc01560        0x0
 *(.vector_27)
                0x00000001                ASSERT (((_vector_spacing == 0x0) || (SIZEOF (.vector_27) <= (_vector_spacing << 0x5))), function at exception vector 27 too large)

.vector_28      0x9fc01580        0x0
 *(.vector_28)
                0x00000001                ASSERT (((_vector_spacing == 0x0) || (SIZEOF (.vector_28) <= (_vector_spacing << 0x5))), function at exception vector 28 too large)

.vector_29      0x9fc015a0        0x0
 *(.vector_29)
                0x00000001                ASSERT (((_vector_spacing == 0x0) || (SIZEOF (.vector_29) <= (_vector_spacing << 0x5))), function at exception vector 29 too large)

.vector_30      0x9fc015c0        0x0
 *(.vector_30)
                0x00000001                ASSERT (((_vector_spacing == 0x0) || (SIZEOF (.vector_30) <= (_vector_spacing << 0x5))), function at exception vector 30 too large)

.vector_31      0x9fc015e0        0x0
 *(.vector_31)
                0x00000001                ASSERT (((_vector_spacing == 0x0) || (SIZEOF (.vector_31) <= (_vector_spacing << 0x5))), function at exception vector 31 too large)

.vector_32      0x9fc01600        0x0
 *(.vector_32)
                0x00000001                ASSERT (((_vector_spacing == 0x0) || (SIZEOF (.vector_32) <= (_vector_spacing << 0x5))), function at exception vector 32 too large)

.vector_33      0x9fc01620        0x0
 *(.vector_33)
                0x00000001                ASSERT (((_vector_spacing == 0x0) || (SIZEOF (.vector_33) <= (_vector_spacing << 0x5))), function at exception vector 33 too large)

.vector_34      0x9fc01640        0x0
 *(.vector_34)
                0x00000001                ASSERT (((_vector_spacing == 0x0) || (SIZEOF (.vector_34) <= (_vector_spacing << 0x5))), function at exception vector 34 too large)

.vector_35      0x9fc01660        0x0
 *(.vector_35)
                0x00000001                ASSERT (((_vector_spacing == 0x0) || (SIZEOF (.vector_35) <= (_vector_spacing << 0x5))), function at exception vector 35 too large)

.vector_36      0x9fc01680        0x0
 *(.vector_36)
                0x00000001                ASSERT (((_vector_spacing == 0x0) || (SIZEOF (.vector_36) <= (_vector_spacing << 0x5))), function at exception vector 36 too large)

.vector_37      0x9fc016a0        0x0
 *(.vector_37)
                0x00000001                ASSERT (((_vector_spacing == 0x0) || (SIZEOF (.vector_37) <= (_vector_spacing << 0x5))), function at exception vector 37 too large)

.vector_38      0x9fc016c0        0x0
 *(.vector_38)
                0x00000001                ASSERT (((_vector_spacing == 0x0) || (SIZEOF (.vector_38) <= (_vector_spacing << 0x5))), function at exception vector 38 too large)

.vector_39      0x9fc016e0        0x0
 *(.vector_39)
                0x00000001                ASSERT (((_vector_spacing == 0x0) || (SIZEOF (.vector_39) <= (_vector_spacing << 0x5))), function at exception vector 39 too large)

.vector_40      0x9fc01700        0x0
 *(.vector_40)
                0x00000001                ASSERT (((_vector_spacing == 0x0) || (SIZEOF (.vector_40) <= (_vector_spacing << 0x5))), function at exception vector 40 too large)

.vector_41      0x9fc01720        0x0
 *(.vector_41)
                0x00000001                ASSERT (((_vector_spacing == 0x0) || (SIZEOF (.vector_41) <= (_vector_spacing << 0x5))), function at exception vector 41 too large)

.vector_42      0x9fc01740        0x0
 *(.vector_42)
                0x00000001                ASSERT (((_vector_spacing == 0x0) || (SIZEOF (.vector_42) <= (_vector_spacing << 0x5))), function at exception vector 42 too large)

.vector_43      0x9fc01760        0x0
 *(.vector_43)
                0x00000001                ASSERT (((_vector_spacing == 0x0) || (SIZEOF (.vector_43) <= (_vector_spacing << 0x5))), function at exception vector 43 too large)

.vector_44      0x9fc01780        0x0
 *(.vector_44)
                0x00000001                ASSERT (((_vector_spacing == 0x0) || (SIZEOF (.vector_44) <= (_vector_spacing << 0x5))), function at exception vector 44 too large)

.vector_45      0x9fc017a0        0x8
 *(.vector_45)
 .vector_45     0x9fc017a0        0x8 usb_device.o
                0x00000001                ASSERT (((_vector_spacing == 0x0) || (SIZEOF (.vector_45) <= (_vector_spacing << 0x5))), function at exception vector 45 too large)

.vector_46      0x9fc017c0        0x0
 *(.vector_46)
                0x00000001                ASSERT (((_vector_spacing == 0x0) || (SIZEOF (.vector_46) <= (_vector_spacing << 0x5))), function at exception vector 46 too large)

.vector_47      0x9fc017e0        0x0
 *(.vector_47)
                0x00000001                ASSERT (((_vector_spacing == 0x0) || (SIZEOF (.vector_47) <= (_vector_spacing << 0x5))), function at exception vector 47 too large)

.vector_48      0x9fc01800        0x0
 *(.vector_48)
                0x00000001                ASSERT (((_vector_spacing == 0x0) || (SIZEOF (.vector_48) <= (_vector_spacing << 0x5))), function at exception vector 48 too large)

.vector_49      0x9fc01820        0x0
 *(.vector_49)
                0x00000001                ASSERT (((_vector_spacing == 0x0) || (SIZEOF (.vector_49) <= (_vector_spacing << 0x5))), function at exception vector 49 too large)

.vector_50      0x9fc01840        0x0
 *(.vector_50)
                0x00000001                ASSERT (((_vector_spacing == 0x0) || (SIZEOF (.vector_50) <= (_vector_spacing << 0x5))), function at exception vector 50 too large)

.vector_51      0x9fc01860        0x0
 *(.vector_51)
                0x00000001                ASSERT (((_vector_spacing == 0x0) || (SIZEOF (.vector_51) <= (_vector_spacing << 0x5))), function at exception vector 51 too large)

.vector_52      0x9fc01880        0x0
 *(.vector_52)
                0x00000001                ASSERT (((_vector_spacing == 0x0) || (SIZEOF (.vector_52) <= (_vector_spacing << 0x5))), function at exception vector 52 too large)

.vector_53      0x9fc018a0        0x0
 *(.vector_53)
                0x00000001                ASSERT (((_vector_spacing == 0x0) || (SIZEOF (.vector_53) <= (_vector_spacing << 0x5))), function at exception vector 53 too large)

.vector_54      0x9fc018c0        0x0
 *(.vector_54)
                0x00000001                ASSERT (((_vector_spacing == 0x0) || (SIZEOF (.vector_54) <= (_vector_spacing << 0x5))), function at exception vector 54 too large)

.vector_55      0x9fc018e0        0x0
 *(.vector_55)
                0x00000001                ASSERT (((_vector_spacing == 0x0) || (SIZEOF (.vector_55) <= (_vector_spacing << 0x5))), function at exception vector 55 too large)

.vector_56      0x9fc01900        0x0
 *(.vector_56)
                0x00000001                ASSERT (((_vector_spacing == 0x0) || (SIZEOF (.vector_56) <= (_vector_spacing << 0x5))), function at exception vector 56 too large)

.vector_57      0x9fc01920        0x0
 *(.vector_57)
                0x00000001                ASSERT (((_vector_spacing == 0x0) || (SIZEOF (.vector_57) <= (_vector_spacing << 0x5))), function at exception vector 57 too large)

.vector_58      0x9fc01940        0x0
 *(.vector_58)
                0x00000001                ASSERT (((_vector_spacing == 0x0) || (SIZEOF (.vector_58) <= (_vector_spacing << 0x5))), function at exception vector 58 too large)

.vector_59      0x9fc01960        0x0
 *(.vector_59)
                0x00000001                ASSERT (((_vector_spacing == 0x0) || (SIZEOF (.vector_59) <= (_vector_spacing << 0x5))), function at exception vector 59 too large)

.vector_60      0x9fc01980        0x0
 *(.vector_60)
                0x00000001                ASSERT (((_vector_spacing == 0x0) || (SIZEOF (.vector_60) <= (_vector_spacing << 0x5))), function at exception vector 60 too large)

.vector_61      0x9fc019a0        0x0
 *(.vector_61)
                0x00000001                ASSERT (((_vector_spacing == 0x0) || (SIZEOF (.vector_61) <= (_vector_spacing << 0x5))), function at exception vector 61 too large)

.vector_62      0x9fc019c0        0x0
 *(.vector_62)
                0x00000001                ASSERT (((_vector_spacing == 0x0) || (SIZEOF (.vector_62) <= (_vector_spacing << 0x5))), function at exception vector 62 too large)

.vector_63      0x9fc019e0        0x0
 *(.vector_63)
                0x00000001                ASSERT (((_vector_spacing == 0x0) || (SIZEOF (.vector_63) <= (_vector_spacing << 0x5))), function at exception vector 63 too large)

.startup
 *(.startup)

.text
 *(.stub .gnu.linkonce.t.*)
 *(.text.*personality*)
 *(.mips16.fn.*)
 *(.mips16.call.*)
 *(.gnu.warning)

.rodata         0x9d000000        0x0
 *(.rodata.* .gnu.linkonce.r.*)
 *(.rodata1)
                0x9d000000                . = ALIGN (0x4)

.sdata2         0x9fc00490        0x0
 *(.sdata2 .sdata2.* .gnu.linkonce.s2.*)
                0x9fc00490                . = ALIGN (0x4)

.sbss2          0x9fc00490        0x0
 *(.sbss2 .sbss2.* .gnu.linkonce.sb2.*)
                0x9fc00490                . = ALIGN (0x4)

.eh_frame_hdr
 *(.eh_frame_hdr)

.eh_frame
 *(.eh_frame)

.dbg_data       0xa0000000        0x0
                0xa0000000                . = (. + DEFINED (_DEBUGGER)?0x200:0x0)

.persist        0xa0000000        0x0
                0xa0000000                _persist_begin = .
 *(.persist .persist.*)
                0xa0000000                . = ALIGN (0x4)
                0xa0000000                _persist_end = .

.eh_frame
 *(.eh_frame)
                0xa0000000                . = .
                0xa0007ff0                _gp = (ALIGN (0x10) + 0x7ff0)

.got
 *(.got.plt)
 *(.got)

.sdata          0xa0000000        0x4
                0xa0000000                _sdata_begin = .
 *(.sdata .sdata.* .gnu.linkonce.s.*)
 .sdata         0xa0000000        0x4 main.o
                0xa0000000                n
                0xa0000004                _sdata_end = .

.lit8
 *(.lit8)

.lit4
 *(.lit4)
                0xa0000004                . = ALIGN (0x4)
                0xa0000004                _data_end = .
                0xa0000004                _bss_begin = .

.sbss           0xa0000004       0x90
                0xa0000004                _sbss_begin = .
 *(.dynsbss)
 *(.sbss .sbss.* .gnu.linkonce.sb.*)
 .sbss          0xa0000004       0x24 main.o
                0xa0000004                USBOutHandle
                0xa0000008                USBInHandle
                0xa000000c                fail
                0xa0000010                led1
                0xa0000014                led2
                0xa0000018                led3
                0xa000001c                state
                0xa0000020                turno
 .sbss          0xa0000028        0x4 dee_emulation_pic32.o
                0xa0000028                lowerAddress
 *(.scommon)
 .scommon       0xa000002c       0x18 main.o
                0xa000002c                pDst
                0xa0000030                ix
                0xa0000034                txferSize
                0xa0000038                pSrc
                0xa000003c                rdData
                0xa0000040                moveCount
 .scommon       0xa0000044       0x4a usb_device.o
                0xa0000044                inPipes
                0xa000004b                USTATcopy
                0xa000004c                CtrlTrfData
                0xa0000054                RemoteWakeup
                0xa0000058                controlTransferState
                0xa000005c                SetupPkt
                0xa0000064                pBDTEntryEP0OutNext
                0xa0000068                USBAlternateInterface
                0xa000006c                BothEP0OutUOWNsSet
                0xa0000070                hid_report_out
                0xa0000072                USBActiveConfiguration
                0xa0000074                USBDeviceState
                0xa0000078                USBInData
                0xa0000080                pBDTEntryEP0OutCurrent
                0xa0000084                shortPacketStatus
                0xa0000088                USBInMaxPacketSize
                0xa000008c                hid_report_in
 .scommon       0xa000008e        0x2 usb_function_hid.o
                0xa000008e                active_protocol
                0xa000008f                idle_rate
 .scommon       0xa0000090        0x4 dee_emulation_pic32.o
                0xa0000090                dataEEFlags
                0xa0000094                _sbss_end = .

.bss            0xa0000200      0x460
 *(.dynbss)
 *(COMMON)
 COMMON         0xa0000200       0xa4 main.o
                0xa0000200                board
                0xa0000224                ToSendDataBuffer
                0xa0000264                ReceivedDataBuffer
 *fill*         0xa00002a4      0x15c 00
 COMMON         0xa0000400      0x260 usb_device.o
                0xa0000400                outPipes
                0xa000040c                pBDTEntryOut
                0xa0000418                pBDTEntryIn
                0xa0000600                BDT
                0xa0000660                . = ALIGN (0x4)
                0xa0000660                . = ALIGN (0x4)
                0xa0000660                _end = .
                0xa0000660                _bss_end = .
                0x00020000                _bmxdudba_address = 0x20000
                0x00020000                _bmxdupba_address = 0x20000

/DISCARD/
 *(.pdr)
 *(.reginfo)
 *(.rel.dyn)
 *(.note.GNU-stack)
 *(.note.GNU-stack)
 *(.gnu_debuglink)
 *(.gnu.lto_*)
 *(.discard)

.stab
 *(.stab)

.stabstr
 *(.stabstr)

.stab.excl
 *(.stab.excl)

.stab.exclstr
 *(.stab.exclstr)

.stab.index
 *(.stab.index)

.stab.indexstr
 *(.stab.indexstr)

.comment        0x00000000       0xf7
 *(.comment)
 .comment       0x00000000       0x51 usb_descriptors.o
                                 0x52 (size before relaxing)
 .comment       0x00000000       0x52 main.o
 .comment       0x00000000       0x52 usb_device.o
 .comment       0x00000000       0x52 usb_function_hid.o
 .comment       0x00000000       0x52 dee_emulation_pic32.o
 .comment       0x00000051       0x55 c:/program files (x86)/microchip/mplab c32 suite/bin/../lib/gcc/pic32mx/4.5.1/../../../../pic32mx/lib\libc.a(memset.o)
                                 0x56 (size before relaxing)
 .comment       0x00000000       0x52 c:/program files (x86)/microchip/mplab c32 suite/bin/../lib/gcc/pic32mx/4.5.1/../../../../pic32mx/lib\libc.a(default-general-exception-handler.o)
 .comment       0x00000000       0x52 c:/program files (x86)/microchip/mplab c32 suite/bin/../lib/gcc/pic32mx/4.5.1/../../../../pic32mx/lib\libc.a(default-bootstrap-exception-handler.o)
 .comment       0x00000000       0x52 c:/program files (x86)/microchip/mplab c32 suite/bin/../lib/gcc/pic32mx/4.5.1/../../../../pic32mx/lib\libc.a(default-on-reset.o)
 .comment       0x00000000       0x52 c:/program files (x86)/microchip/mplab c32 suite/bin/../lib/gcc/pic32mx/4.5.1/../../../../pic32mx/lib\libc.a(default-on-bootstrap.o)
 .comment       0x000000a6       0x51 c:/program files (x86)/microchip/mplab c32 suite/bin/../lib/gcc/pic32mx/4.5.1/../../../../pic32mx/lib\libmchp_peripheral_32MX795F512L.a(int_enable_interrupts_lib.o)
                                 0x52 (size before relaxing)
 .comment       0x00000000       0x52 c:/program files (x86)/microchip/mplab c32 suite/bin/../lib/gcc/pic32mx/4.5.1/../../../../pic32mx/lib\libmchp_peripheral_32MX795F512L.a(int_enable_mv_int_lib.o)
 .comment       0x00000000       0x52 c:/program files (x86)/microchip/mplab c32 suite/bin/../lib/gcc/pic32mx/4.5.1/../../../../pic32mx/lib\libmchp_peripheral_32MX795F512L.a(nvm_erase_page_lib.o)
 .comment       0x00000000       0x52 c:/program files (x86)/microchip/mplab c32 suite/bin/../lib/gcc/pic32mx/4.5.1/../../../../pic32mx/lib\libmchp_peripheral_32MX795F512L.a(nvm_operation_lib.o)
 .comment       0x00000000       0x52 c:/program files (x86)/microchip/mplab c32 suite/bin/../lib/gcc/pic32mx/4.5.1/../../../../pic32mx/lib\libmchp_peripheral_32MX795F512L.a(nvm_write_word_lib.o)
 .comment       0x00000000       0x52 c:/program files (x86)/microchip/mplab c32 suite/bin/../lib/gcc/pic32mx/4.5.1/../../../../pic32mx/lib\libmchp_peripheral_32MX795F512L.a(int_disable_interrupts_lib.o)
 .comment       0x00000000       0x52 c:/program files (x86)/microchip/mplab c32 suite/bin/../lib/gcc/pic32mx/4.5.1/../../../../pic32mx/lib\libmchp_peripheral_32MX795F512L.a(int_restore_interrupts_lib.o)

.debug
 *(.debug)

.line
 *(.line)

.debug_srcinfo
 *(.debug_srcinfo)

.debug_sfnames
 *(.debug_sfnames)

.debug_aranges  0x00000000      0x1e0
 *(.debug_aranges)
 .debug_aranges
                0x00000000       0x20 main.o
 .debug_aranges
                0x00000020       0x20 usb_device.o
 .debug_aranges
                0x00000040       0x20 usb_function_hid.o
 .debug_aranges
                0x00000060       0x20 dee_emulation_pic32.o
 .debug_aranges
                0x00000080       0x20 c:/program files (x86)/microchip/mplab c32 suite/bin/../lib/gcc/pic32mx/4.5.1/../../../../pic32mx/lib\libc.a(default-general-exception-handler.o)
 .debug_aranges
                0x000000a0       0x20 c:/program files (x86)/microchip/mplab c32 suite/bin/../lib/gcc/pic32mx/4.5.1/../../../../pic32mx/lib\libc.a(default-bootstrap-exception-handler.o)
 .debug_aranges
                0x000000c0       0x20 c:/program files (x86)/microchip/mplab c32 suite/bin/../lib/gcc/pic32mx/4.5.1/../../../../pic32mx/lib\libc.a(default-on-reset.o)
 .debug_aranges
                0x000000e0       0x20 c:/program files (x86)/microchip/mplab c32 suite/bin/../lib/gcc/pic32mx/4.5.1/../../../../pic32mx/lib\libc.a(default-on-bootstrap.o)
 .debug_aranges
                0x00000100       0x20 c:/program files (x86)/microchip/mplab c32 suite/bin/../lib/gcc/pic32mx/4.5.1/../../../../pic32mx/lib\libmchp_peripheral_32MX795F512L.a(int_enable_interrupts_lib.o)
 .debug_aranges
                0x00000120       0x20 c:/program files (x86)/microchip/mplab c32 suite/bin/../lib/gcc/pic32mx/4.5.1/../../../../pic32mx/lib\libmchp_peripheral_32MX795F512L.a(int_enable_mv_int_lib.o)
 .debug_aranges
                0x00000140       0x20 c:/program files (x86)/microchip/mplab c32 suite/bin/../lib/gcc/pic32mx/4.5.1/../../../../pic32mx/lib\libmchp_peripheral_32MX795F512L.a(nvm_erase_page_lib.o)
 .debug_aranges
                0x00000160       0x20 c:/program files (x86)/microchip/mplab c32 suite/bin/../lib/gcc/pic32mx/4.5.1/../../../../pic32mx/lib\libmchp_peripheral_32MX795F512L.a(nvm_operation_lib.o)
 .debug_aranges
                0x00000180       0x20 c:/program files (x86)/microchip/mplab c32 suite/bin/../lib/gcc/pic32mx/4.5.1/../../../../pic32mx/lib\libmchp_peripheral_32MX795F512L.a(nvm_write_word_lib.o)
 .debug_aranges
                0x000001a0       0x20 c:/program files (x86)/microchip/mplab c32 suite/bin/../lib/gcc/pic32mx/4.5.1/../../../../pic32mx/lib\libmchp_peripheral_32MX795F512L.a(int_disable_interrupts_lib.o)
 .debug_aranges
                0x000001c0       0x20 c:/program files (x86)/microchip/mplab c32 suite/bin/../lib/gcc/pic32mx/4.5.1/../../../../pic32mx/lib\libmchp_peripheral_32MX795F512L.a(int_restore_interrupts_lib.o)

.debug_pubnames
                0x00000000      0x965
 *(.debug_pubnames)
 .debug_pubnames
                0x00000000       0x81 usb_descriptors.o
 .debug_pubnames
                0x00000081      0x1f1 main.o
 .debug_pubnames
                0x00000272      0x3e2 usb_device.o
 .debug_pubnames
                0x00000654       0x4b usb_function_hid.o
 .debug_pubnames
                0x0000069f       0xfe dee_emulation_pic32.o
 .debug_pubnames
                0x0000079d       0x31 c:/program files (x86)/microchip/mplab c32 suite/bin/../lib/gcc/pic32mx/4.5.1/../../../../pic32mx/lib\libc.a(default-general-exception-handler.o)
 .debug_pubnames
                0x000007ce       0x33 c:/program files (x86)/microchip/mplab c32 suite/bin/../lib/gcc/pic32mx/4.5.1/../../../../pic32mx/lib\libc.a(default-bootstrap-exception-handler.o)
 .debug_pubnames
                0x00000801       0x20 c:/program files (x86)/microchip/mplab c32 suite/bin/../lib/gcc/pic32mx/4.5.1/../../../../pic32mx/lib\libc.a(default-on-reset.o)
 .debug_pubnames
                0x00000821       0x24 c:/program files (x86)/microchip/mplab c32 suite/bin/../lib/gcc/pic32mx/4.5.1/../../../../pic32mx/lib\libc.a(default-on-bootstrap.o)
 .debug_pubnames
                0x00000845       0x2a c:/program files (x86)/microchip/mplab c32 suite/bin/../lib/gcc/pic32mx/4.5.1/../../../../pic32mx/lib\libmchp_peripheral_32MX795F512L.a(int_enable_interrupts_lib.o)
 .debug_pubnames
                0x0000086f       0x36 c:/program files (x86)/microchip/mplab c32 suite/bin/../lib/gcc/pic32mx/4.5.1/../../../../pic32mx/lib\libmchp_peripheral_32MX795F512L.a(int_enable_mv_int_lib.o)
 .debug_pubnames
                0x000008a5       0x23 c:/program files (x86)/microchip/mplab c32 suite/bin/../lib/gcc/pic32mx/4.5.1/../../../../pic32mx/lib\libmchp_peripheral_32MX795F512L.a(nvm_erase_page_lib.o)
 .debug_pubnames
                0x000008c8       0x24 c:/program files (x86)/microchip/mplab c32 suite/bin/../lib/gcc/pic32mx/4.5.1/../../../../pic32mx/lib\libmchp_peripheral_32MX795F512L.a(nvm_operation_lib.o)
 .debug_pubnames
                0x000008ec       0x23 c:/program files (x86)/microchip/mplab c32 suite/bin/../lib/gcc/pic32mx/4.5.1/../../../../pic32mx/lib\libmchp_peripheral_32MX795F512L.a(nvm_write_word_lib.o)
 .debug_pubnames
                0x0000090f       0x2b c:/program files (x86)/microchip/mplab c32 suite/bin/../lib/gcc/pic32mx/4.5.1/../../../../pic32mx/lib\libmchp_peripheral_32MX795F512L.a(int_disable_interrupts_lib.o)
 .debug_pubnames
                0x0000093a       0x2b c:/program files (x86)/microchip/mplab c32 suite/bin/../lib/gcc/pic32mx/4.5.1/../../../../pic32mx/lib\libmchp_peripheral_32MX795F512L.a(int_restore_interrupts_lib.o)

.debug_info     0x00000000     0xc017
 *(.debug_info .gnu.linkonce.wi.*)
 .debug_info    0x00000000     0x1817 usb_descriptors.o
 .debug_info    0x00001817     0x28ba main.o
 .debug_info    0x000040d1     0x3f99 usb_device.o
 .debug_info    0x0000806a     0x1c6e usb_function_hid.o
 .debug_info    0x00009cd8     0x19ed dee_emulation_pic32.o
 .debug_info    0x0000b6c5      0x102 c:/program files (x86)/microchip/mplab c32 suite/bin/../lib/gcc/pic32mx/4.5.1/../../../../pic32mx/lib\libc.a(default-general-exception-handler.o)
 .debug_info    0x0000b7c7      0x106 c:/program files (x86)/microchip/mplab c32 suite/bin/../lib/gcc/pic32mx/4.5.1/../../../../pic32mx/lib\libc.a(default-bootstrap-exception-handler.o)
 .debug_info    0x0000b8cd       0xe0 c:/program files (x86)/microchip/mplab c32 suite/bin/../lib/gcc/pic32mx/4.5.1/../../../../pic32mx/lib\libc.a(default-on-reset.o)
 .debug_info    0x0000b9ad       0xe8 c:/program files (x86)/microchip/mplab c32 suite/bin/../lib/gcc/pic32mx/4.5.1/../../../../pic32mx/lib\libc.a(default-on-bootstrap.o)
 .debug_info    0x0000ba95       0xc9 c:/program files (x86)/microchip/mplab c32 suite/bin/../lib/gcc/pic32mx/4.5.1/../../../../pic32mx/lib\libmchp_peripheral_32MX795F512L.a(int_enable_interrupts_lib.o)
 .debug_info    0x0000bb5e       0xd1 c:/program files (x86)/microchip/mplab c32 suite/bin/../lib/gcc/pic32mx/4.5.1/../../../../pic32mx/lib\libmchp_peripheral_32MX795F512L.a(int_enable_mv_int_lib.o)
 .debug_info    0x0000bc2f       0xbb c:/program files (x86)/microchip/mplab c32 suite/bin/../lib/gcc/pic32mx/4.5.1/../../../../pic32mx/lib\libmchp_peripheral_32MX795F512L.a(nvm_erase_page_lib.o)
 .debug_info    0x0000bcea       0xdc c:/program files (x86)/microchip/mplab c32 suite/bin/../lib/gcc/pic32mx/4.5.1/../../../../pic32mx/lib\libmchp_peripheral_32MX795F512L.a(nvm_operation_lib.o)
 .debug_info    0x0000bdc6       0xbb c:/program files (x86)/microchip/mplab c32 suite/bin/../lib/gcc/pic32mx/4.5.1/../../../../pic32mx/lib\libmchp_peripheral_32MX795F512L.a(nvm_write_word_lib.o)
 .debug_info    0x0000be81       0xcb c:/program files (x86)/microchip/mplab c32 suite/bin/../lib/gcc/pic32mx/4.5.1/../../../../pic32mx/lib\libmchp_peripheral_32MX795F512L.a(int_disable_interrupts_lib.o)
 .debug_info    0x0000bf4c       0xcb c:/program files (x86)/microchip/mplab c32 suite/bin/../lib/gcc/pic32mx/4.5.1/../../../../pic32mx/lib\libmchp_peripheral_32MX795F512L.a(int_restore_interrupts_lib.o)

.debug_abbrev   0x00000000      0xcf3
 *(.debug_abbrev)
 .debug_abbrev  0x00000000      0x1d6 usb_descriptors.o
 .debug_abbrev  0x000001d6      0x284 main.o
 .debug_abbrev  0x0000045a      0x2be usb_device.o
 .debug_abbrev  0x00000718      0x1e1 usb_function_hid.o
 .debug_abbrev  0x000008f9      0x254 dee_emulation_pic32.o
 .debug_abbrev  0x00000b4d       0x25 c:/program files (x86)/microchip/mplab c32 suite/bin/../lib/gcc/pic32mx/4.5.1/../../../../pic32mx/lib\libc.a(default-general-exception-handler.o)
 .debug_abbrev  0x00000b72       0x25 c:/program files (x86)/microchip/mplab c32 suite/bin/../lib/gcc/pic32mx/4.5.1/../../../../pic32mx/lib\libc.a(default-bootstrap-exception-handler.o)
 .debug_abbrev  0x00000b97       0x25 c:/program files (x86)/microchip/mplab c32 suite/bin/../lib/gcc/pic32mx/4.5.1/../../../../pic32mx/lib\libc.a(default-on-reset.o)
 .debug_abbrev  0x00000bbc       0x25 c:/program files (x86)/microchip/mplab c32 suite/bin/../lib/gcc/pic32mx/4.5.1/../../../../pic32mx/lib\libc.a(default-on-bootstrap.o)
 .debug_abbrev  0x00000be1       0x25 c:/program files (x86)/microchip/mplab c32 suite/bin/../lib/gcc/pic32mx/4.5.1/../../../../pic32mx/lib\libmchp_peripheral_32MX795F512L.a(int_enable_interrupts_lib.o)
 .debug_abbrev  0x00000c06       0x25 c:/program files (x86)/microchip/mplab c32 suite/bin/../lib/gcc/pic32mx/4.5.1/../../../../pic32mx/lib\libmchp_peripheral_32MX795F512L.a(int_enable_mv_int_lib.o)
 .debug_abbrev  0x00000c2b       0x25 c:/program files (x86)/microchip/mplab c32 suite/bin/../lib/gcc/pic32mx/4.5.1/../../../../pic32mx/lib\libmchp_peripheral_32MX795F512L.a(nvm_erase_page_lib.o)
 .debug_abbrev  0x00000c50       0x34 c:/program files (x86)/microchip/mplab c32 suite/bin/../lib/gcc/pic32mx/4.5.1/../../../../pic32mx/lib\libmchp_peripheral_32MX795F512L.a(nvm_operation_lib.o)
 .debug_abbrev  0x00000c84       0x25 c:/program files (x86)/microchip/mplab c32 suite/bin/../lib/gcc/pic32mx/4.5.1/../../../../pic32mx/lib\libmchp_peripheral_32MX795F512L.a(nvm_write_word_lib.o)
 .debug_abbrev  0x00000ca9       0x25 c:/program files (x86)/microchip/mplab c32 suite/bin/../lib/gcc/pic32mx/4.5.1/../../../../pic32mx/lib\libmchp_peripheral_32MX795F512L.a(int_disable_interrupts_lib.o)
 .debug_abbrev  0x00000cce       0x25 c:/program files (x86)/microchip/mplab c32 suite/bin/../lib/gcc/pic32mx/4.5.1/../../../../pic32mx/lib\libmchp_peripheral_32MX795F512L.a(int_restore_interrupts_lib.o)

.debug_line     0x00000000     0x1bea
 *(.debug_line)
 .debug_line    0x00000000      0x26d usb_descriptors.o
 .debug_line    0x0000026d      0x430 main.o
 .debug_line    0x0000069d      0x682 usb_device.o
 .debug_line    0x00000d1f      0x371 usb_function_hid.o
 .debug_line    0x00001090      0x58a dee_emulation_pic32.o
 .debug_line    0x0000161a       0xa4 c:/program files (x86)/microchip/mplab c32 suite/bin/../lib/gcc/pic32mx/4.5.1/../../../../pic32mx/lib\libc.a(default-general-exception-handler.o)
 .debug_line    0x000016be       0xa6 c:/program files (x86)/microchip/mplab c32 suite/bin/../lib/gcc/pic32mx/4.5.1/../../../../pic32mx/lib\libc.a(default-bootstrap-exception-handler.o)
 .debug_line    0x00001764       0x93 c:/program files (x86)/microchip/mplab c32 suite/bin/../lib/gcc/pic32mx/4.5.1/../../../../pic32mx/lib\libc.a(default-on-reset.o)
 .debug_line    0x000017f7       0x97 c:/program files (x86)/microchip/mplab c32 suite/bin/../lib/gcc/pic32mx/4.5.1/../../../../pic32mx/lib\libc.a(default-on-bootstrap.o)
 .debug_line    0x0000188e       0x72 c:/program files (x86)/microchip/mplab c32 suite/bin/../lib/gcc/pic32mx/4.5.1/../../../../pic32mx/lib\libmchp_peripheral_32MX795F512L.a(int_enable_interrupts_lib.o)
 .debug_line    0x00001900       0x6e c:/program files (x86)/microchip/mplab c32 suite/bin/../lib/gcc/pic32mx/4.5.1/../../../../pic32mx/lib\libmchp_peripheral_32MX795F512L.a(int_enable_mv_int_lib.o)
 .debug_line    0x0000196e       0x6b c:/program files (x86)/microchip/mplab c32 suite/bin/../lib/gcc/pic32mx/4.5.1/../../../../pic32mx/lib\libmchp_peripheral_32MX795F512L.a(nvm_erase_page_lib.o)
 .debug_line    0x000019d9       0xc0 c:/program files (x86)/microchip/mplab c32 suite/bin/../lib/gcc/pic32mx/4.5.1/../../../../pic32mx/lib\libmchp_peripheral_32MX795F512L.a(nvm_operation_lib.o)
 .debug_line    0x00001a99       0x6b c:/program files (x86)/microchip/mplab c32 suite/bin/../lib/gcc/pic32mx/4.5.1/../../../../pic32mx/lib\libmchp_peripheral_32MX795F512L.a(nvm_write_word_lib.o)
 .debug_line    0x00001b04       0x73 c:/program files (x86)/microchip/mplab c32 suite/bin/../lib/gcc/pic32mx/4.5.1/../../../../pic32mx/lib\libmchp_peripheral_32MX795F512L.a(int_disable_interrupts_lib.o)
 .debug_line    0x00001b77       0x73 c:/program files (x86)/microchip/mplab c32 suite/bin/../lib/gcc/pic32mx/4.5.1/../../../../pic32mx/lib\libmchp_peripheral_32MX795F512L.a(int_restore_interrupts_lib.o)

.debug_frame    0x00000000      0x744
 *(.debug_frame)
 .debug_frame   0x00000000      0x194 main.o
 .debug_frame   0x00000194      0x2d0 usb_device.o
 .debug_frame   0x00000464       0x28 usb_function_hid.o
 .debug_frame   0x0000048c      0x138 dee_emulation_pic32.o
 .debug_frame   0x000005c4       0x20 c:/program files (x86)/microchip/mplab c32 suite/bin/../lib/gcc/pic32mx/4.5.1/../../../../pic32mx/lib\libc.a(default-general-exception-handler.o)
 .debug_frame   0x000005e4       0x20 c:/program files (x86)/microchip/mplab c32 suite/bin/../lib/gcc/pic32mx/4.5.1/../../../../pic32mx/lib\libc.a(default-bootstrap-exception-handler.o)
 .debug_frame   0x00000604       0x20 c:/program files (x86)/microchip/mplab c32 suite/bin/../lib/gcc/pic32mx/4.5.1/../../../../pic32mx/lib\libc.a(default-on-reset.o)
 .debug_frame   0x00000624       0x20 c:/program files (x86)/microchip/mplab c32 suite/bin/../lib/gcc/pic32mx/4.5.1/../../../../pic32mx/lib\libc.a(default-on-bootstrap.o)
 .debug_frame   0x00000644       0x20 c:/program files (x86)/microchip/mplab c32 suite/bin/../lib/gcc/pic32mx/4.5.1/../../../../pic32mx/lib\libmchp_peripheral_32MX795F512L.a(int_enable_interrupts_lib.o)
 .debug_frame   0x00000664       0x28 c:/program files (x86)/microchip/mplab c32 suite/bin/../lib/gcc/pic32mx/4.5.1/../../../../pic32mx/lib\libmchp_peripheral_32MX795F512L.a(int_enable_mv_int_lib.o)
 .debug_frame   0x0000068c       0x28 c:/program files (x86)/microchip/mplab c32 suite/bin/../lib/gcc/pic32mx/4.5.1/../../../../pic32mx/lib\libmchp_peripheral_32MX795F512L.a(nvm_erase_page_lib.o)
 .debug_frame   0x000006b4       0x28 c:/program files (x86)/microchip/mplab c32 suite/bin/../lib/gcc/pic32mx/4.5.1/../../../../pic32mx/lib\libmchp_peripheral_32MX795F512L.a(nvm_operation_lib.o)
 .debug_frame   0x000006dc       0x28 c:/program files (x86)/microchip/mplab c32 suite/bin/../lib/gcc/pic32mx/4.5.1/../../../../pic32mx/lib\libmchp_peripheral_32MX795F512L.a(nvm_write_word_lib.o)
 .debug_frame   0x00000704       0x20 c:/program files (x86)/microchip/mplab c32 suite/bin/../lib/gcc/pic32mx/4.5.1/../../../../pic32mx/lib\libmchp_peripheral_32MX795F512L.a(int_disable_interrupts_lib.o)
 .debug_frame   0x00000724       0x20 c:/program files (x86)/microchip/mplab c32 suite/bin/../lib/gcc/pic32mx/4.5.1/../../../../pic32mx/lib\libmchp_peripheral_32MX795F512L.a(int_restore_interrupts_lib.o)

.debug_str      0x00000000      0x977
 *(.debug_str)
 .debug_str     0x00000000      0x159 usb_descriptors.o
 .debug_str     0x00000159      0x1d1 main.o
 .debug_str     0x0000032a      0x2ef usb_device.o
 .debug_str     0x00000619      0x193 usb_function_hid.o
 .debug_str     0x000007ac      0x1cb dee_emulation_pic32.o
 .debug_str     0x00000977        0x0 c:/program files (x86)/microchip/mplab c32 suite/bin/../lib/gcc/pic32mx/4.5.1/../../../../pic32mx/lib\libc.a(default-general-exception-handler.o)
 .debug_str     0x00000977        0x0 c:/program files (x86)/microchip/mplab c32 suite/bin/../lib/gcc/pic32mx/4.5.1/../../../../pic32mx/lib\libc.a(default-bootstrap-exception-handler.o)
 .debug_str     0x00000977        0x0 c:/program files (x86)/microchip/mplab c32 suite/bin/../lib/gcc/pic32mx/4.5.1/../../../../pic32mx/lib\libc.a(default-on-reset.o)
 .debug_str     0x00000977        0x0 c:/program files (x86)/microchip/mplab c32 suite/bin/../lib/gcc/pic32mx/4.5.1/../../../../pic32mx/lib\libc.a(default-on-bootstrap.o)
 .debug_str     0x00000977        0x0 c:/program files (x86)/microchip/mplab c32 suite/bin/../lib/gcc/pic32mx/4.5.1/../../../../pic32mx/lib\libmchp_peripheral_32MX795F512L.a(int_enable_interrupts_lib.o)
 .debug_str     0x00000977        0x0 c:/program files (x86)/microchip/mplab c32 suite/bin/../lib/gcc/pic32mx/4.5.1/../../../../pic32mx/lib\libmchp_peripheral_32MX795F512L.a(int_enable_mv_int_lib.o)
 .debug_str     0x00000977        0x0 c:/program files (x86)/microchip/mplab c32 suite/bin/../lib/gcc/pic32mx/4.5.1/../../../../pic32mx/lib\libmchp_peripheral_32MX795F512L.a(nvm_erase_page_lib.o)
 .debug_str     0x00000977        0x0 c:/program files (x86)/microchip/mplab c32 suite/bin/../lib/gcc/pic32mx/4.5.1/../../../../pic32mx/lib\libmchp_peripheral_32MX795F512L.a(nvm_operation_lib.o)
 .debug_str     0x00000977        0x0 c:/program files (x86)/microchip/mplab c32 suite/bin/../lib/gcc/pic32mx/4.5.1/../../../../pic32mx/lib\libmchp_peripheral_32MX795F512L.a(nvm_write_word_lib.o)
 .debug_str     0x00000977        0x0 c:/program files (x86)/microchip/mplab c32 suite/bin/../lib/gcc/pic32mx/4.5.1/../../../../pic32mx/lib\libmchp_peripheral_32MX795F512L.a(int_disable_interrupts_lib.o)
 .debug_str     0x00000977        0x0 c:/program files (x86)/microchip/mplab c32 suite/bin/../lib/gcc/pic32mx/4.5.1/../../../../pic32mx/lib\libmchp_peripheral_32MX795F512L.a(int_restore_interrupts_lib.o)

.debug_loc
 *(.debug_loc)

.debug_macinfo
 *(.debug_macinfo)

.debug_weaknames
 *(.debug_weaknames)

.debug_funcnames
 *(.debug_funcnames)

.debug_typenames
 *(.debug_typenames)

.debug_varnames
 *(.debug_varnames)

.debug_pubtypes
                0x00000000      0x7ea
 *(.debug_pubtypes)
 .debug_pubtypes
                0x00000000      0x12e usb_descriptors.o
 .debug_pubtypes
                0x0000012e      0x200 main.o
 .debug_pubtypes
                0x0000032e      0x291 usb_device.o
 .debug_pubtypes
                0x000005bf      0x132 usb_function_hid.o
 .debug_pubtypes
                0x000006f1       0xf9 dee_emulation_pic32.o

.debug_ranges   0x00000000       0xc8
 *(.debug_ranges)
 .debug_ranges  0x00000000       0x18 usb_device.o
 .debug_ranges  0x00000018       0x10 c:/program files (x86)/microchip/mplab c32 suite/bin/../lib/gcc/pic32mx/4.5.1/../../../../pic32mx/lib\libc.a(default-general-exception-handler.o)
 .debug_ranges  0x00000028       0x10 c:/program files (x86)/microchip/mplab c32 suite/bin/../lib/gcc/pic32mx/4.5.1/../../../../pic32mx/lib\libc.a(default-bootstrap-exception-handler.o)
 .debug_ranges  0x00000038       0x10 c:/program files (x86)/microchip/mplab c32 suite/bin/../lib/gcc/pic32mx/4.5.1/../../../../pic32mx/lib\libc.a(default-on-reset.o)
 .debug_ranges  0x00000048       0x10 c:/program files (x86)/microchip/mplab c32 suite/bin/../lib/gcc/pic32mx/4.5.1/../../../../pic32mx/lib\libc.a(default-on-bootstrap.o)
 .debug_ranges  0x00000058       0x10 c:/program files (x86)/microchip/mplab c32 suite/bin/../lib/gcc/pic32mx/4.5.1/../../../../pic32mx/lib\libmchp_peripheral_32MX795F512L.a(int_enable_interrupts_lib.o)
 .debug_ranges  0x00000068       0x10 c:/program files (x86)/microchip/mplab c32 suite/bin/../lib/gcc/pic32mx/4.5.1/../../../../pic32mx/lib\libmchp_peripheral_32MX795F512L.a(int_enable_mv_int_lib.o)
 .debug_ranges  0x00000078       0x10 c:/program files (x86)/microchip/mplab c32 suite/bin/../lib/gcc/pic32mx/4.5.1/../../../../pic32mx/lib\libmchp_peripheral_32MX795F512L.a(nvm_erase_page_lib.o)
 .debug_ranges  0x00000088       0x10 c:/program files (x86)/microchip/mplab c32 suite/bin/../lib/gcc/pic32mx/4.5.1/../../../../pic32mx/lib\libmchp_peripheral_32MX795F512L.a(nvm_operation_lib.o)
 .debug_ranges  0x00000098       0x10 c:/program files (x86)/microchip/mplab c32 suite/bin/../lib/gcc/pic32mx/4.5.1/../../../../pic32mx/lib\libmchp_peripheral_32MX795F512L.a(nvm_write_word_lib.o)
 .debug_ranges  0x000000a8       0x10 c:/program files (x86)/microchip/mplab c32 suite/bin/../lib/gcc/pic32mx/4.5.1/../../../../pic32mx/lib\libmchp_peripheral_32MX795F512L.a(int_disable_interrupts_lib.o)
 .debug_ranges  0x000000b8       0x10 c:/program files (x86)/microchip/mplab c32 suite/bin/../lib/gcc/pic32mx/4.5.1/../../../../pic32mx/lib\libmchp_peripheral_32MX795F512L.a(int_restore_interrupts_lib.o)

.gnu.attributes
                0x00000000       0x10
 *(.gnu.attributes)
 .gnu.attributes
                0x00000000       0x10 usb_descriptors.o
 .gnu.attributes
                0x00000010       0x10 main.o
 .gnu.attributes
                0x00000020       0x10 usb_device.o
 .gnu.attributes
                0x00000030       0x10 usb_function_hid.o
 .gnu.attributes
                0x00000040       0x10 dee_emulation_pic32.o
 .gnu.attributes
                0x00000050       0x10 c:/program files (x86)/microchip/mplab c32 suite/bin/../lib/gcc/pic32mx/4.5.1/../../../../pic32mx/lib\libc.a(default-general-exception-handler.o)
 .gnu.attributes
                0x00000060       0x10 c:/program files (x86)/microchip/mplab c32 suite/bin/../lib/gcc/pic32mx/4.5.1/../../../../pic32mx/lib\libc.a(default-bootstrap-exception-handler.o)
 .gnu.attributes
                0x00000070       0x10 c:/program files (x86)/microchip/mplab c32 suite/bin/../lib/gcc/pic32mx/4.5.1/../../../../pic32mx/lib\libc.a(default-on-reset.o)
 .gnu.attributes
                0x00000080       0x10 c:/program files (x86)/microchip/mplab c32 suite/bin/../lib/gcc/pic32mx/4.5.1/../../../../pic32mx/lib\libc.a(default-on-bootstrap.o)
 .gnu.attributes
                0x00000090       0x10 c:/program files (x86)/microchip/mplab c32 suite/bin/../lib/gcc/pic32mx/4.5.1/../../../../pic32mx/lib\libmchp_peripheral_32MX795F512L.a(int_enable_interrupts_lib.o)
 .gnu.attributes
                0x000000a0       0x10 c:/program files (x86)/microchip/mplab c32 suite/bin/../lib/gcc/pic32mx/4.5.1/../../../../pic32mx/lib\libmchp_peripheral_32MX795F512L.a(int_enable_mv_int_lib.o)
 .gnu.attributes
                0x000000b0       0x10 c:/program files (x86)/microchip/mplab c32 suite/bin/../lib/gcc/pic32mx/4.5.1/../../../../pic32mx/lib\libmchp_peripheral_32MX795F512L.a(nvm_erase_page_lib.o)
 .gnu.attributes
                0x000000c0       0x10 c:/program files (x86)/microchip/mplab c32 suite/bin/../lib/gcc/pic32mx/4.5.1/../../../../pic32mx/lib\libmchp_peripheral_32MX795F512L.a(nvm_operation_lib.o)
 .gnu.attributes
                0x000000d0       0x10 c:/program files (x86)/microchip/mplab c32 suite/bin/../lib/gcc/pic32mx/4.5.1/../../../../pic32mx/lib\libmchp_peripheral_32MX795F512L.a(nvm_write_word_lib.o)
 .gnu.attributes
                0x000000e0       0x10 c:/program files (x86)/microchip/mplab c32 suite/bin/../lib/gcc/pic32mx/4.5.1/../../../../pic32mx/lib\libmchp_peripheral_32MX795F512L.a(int_disable_interrupts_lib.o)
 .gnu.attributes
                0x000000f0       0x10 c:/program files (x86)/microchip/mplab c32 suite/bin/../lib/gcc/pic32mx/4.5.1/../../../../pic32mx/lib\libmchp_peripheral_32MX795F512L.a(int_restore_interrupts_lib.o)
OUTPUT(USB Device - HID - Simple Custom Demo - C32 - PIC32MX795F512L PIM.elf elf32-tradlittlemips)
LOAD stack
LOAD data_init

.stack          0xa0000680      0x400
 .stack         0xa0000680      0x400 stack

.bss%z1         0x00000000        0x0
 .bss           0x00000000        0x0 c:/program files (x86)/microchip/mplab c32 suite/bin/../lib/gcc/pic32mx/4.5.1/../../../../pic32mx/lib/./proc/32MX795F512L\processor.o

.data%z2        0x00000000        0x0
 .data          0x00000000        0x0 c:/program files (x86)/microchip/mplab c32 suite/bin/../lib/gcc/pic32mx/4.5.1/../../../../pic32mx/lib/./proc/32MX795F512L\processor.o

.mdebug.abi32%z3
                0x00000000        0x0
 .mdebug.abi32  0x00000000        0x0 c:/program files (x86)/microchip/mplab c32 suite/bin/../lib/gcc/pic32mx/4.5.1/../../../../pic32mx/lib\libmchp_peripheral_32MX795F512L.a(int_restore_interrupts_lib.o)

.bss%z4         0x00000000        0x0
 .bss           0x00000000        0x0 c:/program files (x86)/microchip/mplab c32 suite/bin/../lib/gcc/pic32mx/4.5.1/../../../../pic32mx/lib\libmchp_peripheral_32MX795F512L.a(int_restore_interrupts_lib.o)

.data%z5        0x00000000        0x0
 .data          0x00000000        0x0 c:/program files (x86)/microchip/mplab c32 suite/bin/../lib/gcc/pic32mx/4.5.1/../../../../pic32mx/lib\libmchp_peripheral_32MX795F512L.a(int_restore_interrupts_lib.o)

.mdebug.abi32%z6
                0x00000000        0x0
 .mdebug.abi32  0x00000000        0x0 c:/program files (x86)/microchip/mplab c32 suite/bin/../lib/gcc/pic32mx/4.5.1/../../../../pic32mx/lib\libmchp_peripheral_32MX795F512L.a(int_disable_interrupts_lib.o)

.bss%z7         0x00000000        0x0
 .bss           0x00000000        0x0 c:/program files (x86)/microchip/mplab c32 suite/bin/../lib/gcc/pic32mx/4.5.1/../../../../pic32mx/lib\libmchp_peripheral_32MX795F512L.a(int_disable_interrupts_lib.o)

.data%z8        0x00000000        0x0
 .data          0x00000000        0x0 c:/program files (x86)/microchip/mplab c32 suite/bin/../lib/gcc/pic32mx/4.5.1/../../../../pic32mx/lib\libmchp_peripheral_32MX795F512L.a(int_disable_interrupts_lib.o)

.mdebug.abi32%z9
                0x00000000        0x0
 .mdebug.abi32  0x00000000        0x0 c:/program files (x86)/microchip/mplab c32 suite/bin/../lib/gcc/pic32mx/4.5.1/../../../../pic32mx/lib\libmchp_peripheral_32MX795F512L.a(nvm_write_word_lib.o)

.bss%z10        0x00000000        0x0
 .bss           0x00000000        0x0 c:/program files (x86)/microchip/mplab c32 suite/bin/../lib/gcc/pic32mx/4.5.1/../../../../pic32mx/lib\libmchp_peripheral_32MX795F512L.a(nvm_write_word_lib.o)

.data%z11       0x00000000        0x0
 .data          0x00000000        0x0 c:/program files (x86)/microchip/mplab c32 suite/bin/../lib/gcc/pic32mx/4.5.1/../../../../pic32mx/lib\libmchp_peripheral_32MX795F512L.a(nvm_write_word_lib.o)

.mdebug.abi32%z12
                0x00000000        0x0
 .mdebug.abi32  0x00000000        0x0 c:/program files (x86)/microchip/mplab c32 suite/bin/../lib/gcc/pic32mx/4.5.1/../../../../pic32mx/lib\libmchp_peripheral_32MX795F512L.a(nvm_operation_lib.o)

.bss%z13        0x00000000        0x0
 .bss           0x00000000        0x0 c:/program files (x86)/microchip/mplab c32 suite/bin/../lib/gcc/pic32mx/4.5.1/../../../../pic32mx/lib\libmchp_peripheral_32MX795F512L.a(nvm_operation_lib.o)

.data%z14       0x00000000        0x0
 .data          0x00000000        0x0 c:/program files (x86)/microchip/mplab c32 suite/bin/../lib/gcc/pic32mx/4.5.1/../../../../pic32mx/lib\libmchp_peripheral_32MX795F512L.a(nvm_operation_lib.o)

.mdebug.abi32%z15
                0x00000000        0x0
 .mdebug.abi32  0x00000000        0x0 c:/program files (x86)/microchip/mplab c32 suite/bin/../lib/gcc/pic32mx/4.5.1/../../../../pic32mx/lib\libmchp_peripheral_32MX795F512L.a(nvm_erase_page_lib.o)

.bss%z16        0x00000000        0x0
 .bss           0x00000000        0x0 c:/program files (x86)/microchip/mplab c32 suite/bin/../lib/gcc/pic32mx/4.5.1/../../../../pic32mx/lib\libmchp_peripheral_32MX795F512L.a(nvm_erase_page_lib.o)

.data%z17       0x00000000        0x0
 .data          0x00000000        0x0 c:/program files (x86)/microchip/mplab c32 suite/bin/../lib/gcc/pic32mx/4.5.1/../../../../pic32mx/lib\libmchp_peripheral_32MX795F512L.a(nvm_erase_page_lib.o)

.mdebug.abi32%z18
                0x00000000        0x0
 .mdebug.abi32  0x00000000        0x0 c:/program files (x86)/microchip/mplab c32 suite/bin/../lib/gcc/pic32mx/4.5.1/../../../../pic32mx/lib\libmchp_peripheral_32MX795F512L.a(int_enable_mv_int_lib.o)

.bss%z19        0x00000000        0x0
 .bss           0x00000000        0x0 c:/program files (x86)/microchip/mplab c32 suite/bin/../lib/gcc/pic32mx/4.5.1/../../../../pic32mx/lib\libmchp_peripheral_32MX795F512L.a(int_enable_mv_int_lib.o)

.data%z20       0x00000000        0x0
 .data          0x00000000        0x0 c:/program files (x86)/microchip/mplab c32 suite/bin/../lib/gcc/pic32mx/4.5.1/../../../../pic32mx/lib\libmchp_peripheral_32MX795F512L.a(int_enable_mv_int_lib.o)

.mdebug.abi32%z21
                0x00000000        0x0
 .mdebug.abi32  0x00000000        0x0 c:/program files (x86)/microchip/mplab c32 suite/bin/../lib/gcc/pic32mx/4.5.1/../../../../pic32mx/lib\libmchp_peripheral_32MX795F512L.a(int_enable_interrupts_lib.o)

.bss%z22        0x00000000        0x0
 .bss           0x00000000        0x0 c:/program files (x86)/microchip/mplab c32 suite/bin/../lib/gcc/pic32mx/4.5.1/../../../../pic32mx/lib\libmchp_peripheral_32MX795F512L.a(int_enable_interrupts_lib.o)

.data%z23       0x00000000        0x0
 .data          0x00000000        0x0 c:/program files (x86)/microchip/mplab c32 suite/bin/../lib/gcc/pic32mx/4.5.1/../../../../pic32mx/lib\libmchp_peripheral_32MX795F512L.a(int_enable_interrupts_lib.o)

.bss%z24        0x00000000        0x0
 .bss           0x00000000        0x0 c:/program files (x86)/microchip/mplab c32 suite/bin/../lib/gcc/pic32mx/4.5.1/../../../../pic32mx/lib\libc.a(default-nmi-handler.o)

.data%z25       0x00000000        0x0
 .data          0x00000000        0x0 c:/program files (x86)/microchip/mplab c32 suite/bin/../lib/gcc/pic32mx/4.5.1/../../../../pic32mx/lib\libc.a(default-nmi-handler.o)

.mdebug.abi32%z26
                0x00000000        0x0
 .mdebug.abi32  0x00000000        0x0 c:/program files (x86)/microchip/mplab c32 suite/bin/../lib/gcc/pic32mx/4.5.1/../../../../pic32mx/lib\libc.a(default-on-bootstrap.o)

.bss%z27        0x00000000        0x0
 .bss           0x00000000        0x0 c:/program files (x86)/microchip/mplab c32 suite/bin/../lib/gcc/pic32mx/4.5.1/../../../../pic32mx/lib\libc.a(default-on-bootstrap.o)

.data%z28       0x00000000        0x0
 .data          0x00000000        0x0 c:/program files (x86)/microchip/mplab c32 suite/bin/../lib/gcc/pic32mx/4.5.1/../../../../pic32mx/lib\libc.a(default-on-bootstrap.o)

.mdebug.abi32%z29
                0x00000000        0x0
 .mdebug.abi32  0x00000000        0x0 c:/program files (x86)/microchip/mplab c32 suite/bin/../lib/gcc/pic32mx/4.5.1/../../../../pic32mx/lib\libc.a(default-on-reset.o)

.bss%z30        0x00000000        0x0
 .bss           0x00000000        0x0 c:/program files (x86)/microchip/mplab c32 suite/bin/../lib/gcc/pic32mx/4.5.1/../../../../pic32mx/lib\libc.a(default-on-reset.o)

.data%z31       0x00000000        0x0
 .data          0x00000000        0x0 c:/program files (x86)/microchip/mplab c32 suite/bin/../lib/gcc/pic32mx/4.5.1/../../../../pic32mx/lib\libc.a(default-on-reset.o)

.mdebug.abi32%z32
                0x00000000        0x0
 .mdebug.abi32  0x00000000        0x0 c:/program files (x86)/microchip/mplab c32 suite/bin/../lib/gcc/pic32mx/4.5.1/../../../../pic32mx/lib\libc.a(default-bootstrap-exception-handler.o)

.bss%z33        0x00000000        0x0
 .bss           0x00000000        0x0 c:/program files (x86)/microchip/mplab c32 suite/bin/../lib/gcc/pic32mx/4.5.1/../../../../pic32mx/lib\libc.a(default-bootstrap-exception-handler.o)

.data%z34       0x00000000        0x0
 .data          0x00000000        0x0 c:/program files (x86)/microchip/mplab c32 suite/bin/../lib/gcc/pic32mx/4.5.1/../../../../pic32mx/lib\libc.a(default-bootstrap-exception-handler.o)

.mdebug.abi32%z35
                0x00000000        0x0
 .mdebug.abi32  0x00000000        0x0 c:/program files (x86)/microchip/mplab c32 suite/bin/../lib/gcc/pic32mx/4.5.1/../../../../pic32mx/lib\libc.a(default-general-exception-handler.o)

.bss%z36        0x00000000        0x0
 .bss           0x00000000        0x0 c:/program files (x86)/microchip/mplab c32 suite/bin/../lib/gcc/pic32mx/4.5.1/../../../../pic32mx/lib\libc.a(default-general-exception-handler.o)

.data%z37       0x00000000        0x0
 .data          0x00000000        0x0 c:/program files (x86)/microchip/mplab c32 suite/bin/../lib/gcc/pic32mx/4.5.1/../../../../pic32mx/lib\libc.a(default-general-exception-handler.o)

.bss%z38        0x00000000        0x0
 .bss           0x00000000        0x0 c:/program files (x86)/microchip/mplab c32 suite/bin/../lib/gcc/pic32mx/4.5.1/../../../../pic32mx/lib\libc.a(general-exception.o)

.data%z39       0x00000000        0x0
 .data          0x00000000        0x0 c:/program files (x86)/microchip/mplab c32 suite/bin/../lib/gcc/pic32mx/4.5.1/../../../../pic32mx/lib\libc.a(general-exception.o)

.bss%z40        0x00000000        0x0
 .bss           0x00000000        0x0 c:/program files (x86)/microchip/mplab c32 suite/bin/../lib/gcc/pic32mx/4.5.1/../../../../pic32mx/lib\libc.a(memset.o)

.data%z41       0x00000000        0x0
 .data          0x00000000        0x0 c:/program files (x86)/microchip/mplab c32 suite/bin/../lib/gcc/pic32mx/4.5.1/../../../../pic32mx/lib\libc.a(memset.o)

.mdebug.abi32%z42
                0x00000000        0x0
 .mdebug.abi32  0x00000000        0x0 dee_emulation_pic32.o

.bss%z43        0x00000000        0x0
 .bss           0x00000000        0x0 dee_emulation_pic32.o

.data%z44       0x00000000        0x0
 .data          0x00000000        0x0 dee_emulation_pic32.o

.mdebug.abi32%z45
                0x00000000        0x0
 .mdebug.abi32  0x00000000        0x0 usb_function_hid.o

.bss%z46        0x00000000        0x0
 .bss           0x00000000        0x0 usb_function_hid.o

.data%z47       0x00000000        0x0
 .data          0x00000000        0x0 usb_function_hid.o

.mdebug.abi32%z48
                0x00000000        0x0
 .mdebug.abi32  0x00000000        0x0 usb_device.o

.bss%z49        0x00000000        0x0
 .bss           0x00000000        0x0 usb_device.o

.data%z50       0x00000000        0x0
 .data          0x00000000        0x0 usb_device.o

.mdebug.abi32%z51
                0x00000000        0x0
 .mdebug.abi32  0x00000000        0x0 main.o

.bss%z52        0x00000000        0x0
 .bss           0x00000000        0x0 main.o

.data%z53       0x00000000        0x0
 .data          0x00000000        0x0 main.o

.mdebug.abi32%z54
                0x00000000        0x0
 .mdebug.abi32  0x00000000        0x0 usb_descriptors.o

.bss%z55        0x00000000        0x0
 .bss           0x00000000        0x0 usb_descriptors.o

.data%z56       0x00000000        0x0
 .data          0x00000000        0x0 usb_descriptors.o

.bss%z57        0x00000000        0x0
 .bss           0x00000000        0x0 c:/program files (x86)/microchip/mplab c32 suite/bin/../lib/gcc/pic32mx/4.5.1/../../../../pic32mx/lib/crt0.o

.data%z58       0x00000000        0x0
 .data          0x00000000        0x0 c:/program files (x86)/microchip/mplab c32 suite/bin/../lib/gcc/pic32mx/4.5.1/../../../../pic32mx/lib/crt0.o

.rodata         0x9d001000     0x3000
 .rodata        0x9d001000     0x3000 dee_emulation_pic32.o
                0x9d001000                eedata_addr

.text           0x9d004000     0x5a48
 .text          0x9d004000     0x2ca8 usb_device.o
                0x9d004000                USBDeviceInit
                0x9d004198                _USB1Interrupt
                0x9d0045e4                USBStallHandler
                0x9d0046b8                USBSuspend
                0x9d004714                USBWakeFromSuspend
                0x9d00476c                USBCtrlEPService
                0x9d004958                USBCtrlTrfSetupHandler
                0x9d004a00                USBCtrlTrfOutHandler
                0x9d004b1c                USBCtrlTrfInHandler
                0x9d004d10                USBPrepareForNextSetupTrf
                0x9d004e18                USBCheckStdRequest
                0x9d005008                USBStdFeatureReqHandler
                0x9d0052b8                USBStdGetDscHandler
                0x9d0053ec                USBStdGetStatusHandler
                0x9d0055ac                USBCtrlEPServiceComplete
                0x9d005bac                USBCtrlTrfTxService
                0x9d005d64                USBCtrlTrfRxService
                0x9d0060c8                USBStdSetCfgHandler
                0x9d006174                USBConfigureEndpoint
                0x9d00625c                USBEnableEndpoint
                0x9d006300                USBStallEndpoint
                0x9d006510                USBTransferOnePacket
                0x9d00677c                USBCancelIO
                0x9d006bb0                USBDeviceDetach
                0x9d006bd0                USBDeviceAttach
 .text          0x9d006ca8     0x1b94 dee_emulation_pic32.o
                0x9d006ca8                GetPageStatus
                0x9d006dbc                ErasePage
                0x9d006f2c                PrevPage
                0x9d006f78                GetNextAvailCount
                0x9d007124                EmulationCheckSum
                0x9d007198                DataEEInit
                0x9d00757c                DataEEWrite
                0x9d007af0                DataEERead
                0x9d007f64                PackEE
                0x9d008588                DataEEWriteArray
                0x9d0086b8                DataEEReadArray
 .text          0x9d00883c     0x120c main.o
                0x9d00883c                main
                0x9d0088a4                UserInit
                0x9d0089c0                ClearLEDs
                0x9d008b00                Move
                0x9d009200                ProcessIO
                0x9d009778                USBCBSuspend
                0x9d009798                USBCBWakeFromSuspend
                0x9d0097b8                USBCB_SOF_Handler
                0x9d0097d8                USBCBErrorHandler
                0x9d0097f8                USBCBCheckOtherReq
                0x9d009828                USBCBStdSetDscHandler
                0x9d009848                USBCBInitEP
                0x9d0098b0                USBCBSendResume
                0x9d009918                USER_USB_CALLBACK_EVENT_HANDLER

.text           0x9d000008      0x3d0
 .text          0x9d000008      0x3d0 usb_function_hid.o
                0x9d000008                USBCheckHIDRequest

.text._NVMOperation
                0x9d0003d8      0x114
 .text._NVMOperation
                0x9d0003d8      0x114 c:/program files (x86)/microchip/mplab c32 suite/bin/../lib/gcc/pic32mx/4.5.1/../../../../pic32mx/lib\libmchp_peripheral_32MX795F512L.a(nvm_operation_lib.o)
                0x9d0003d8                _NVMOperation

.text.general_exception
                0x9d0004ec       0xd0
 .text.general_exception
                0x9d0004ec       0xd0 c:/program files (x86)/microchip/mplab c32 suite/bin/../lib/gcc/pic32mx/4.5.1/../../../../pic32mx/lib\libc.a(general-exception.o)
                0x9d0004ec                _general_exception_context

.rodata         0x9d0005bc       0xb4
 .rodata        0x9d0005bc       0xb4 usb_descriptors.o
                0x9d0005bc                device_dsc
                0x9d0005d0                configDescriptor1
                0x9d0005fc                sd000
                0x9d000600                sd001
                0x9d000620                sd002
                0x9d000640                hid_rpt01
                0x9d000660                USB_CD_Ptr
                0x9d000664                USB_SD_Ptr

.text           0x9d000670       0xa8
 .text          0x9d000670       0xa8 c:/program files (x86)/microchip/mplab c32 suite/bin/../lib/gcc/pic32mx/4.5.1/../../../../pic32mx/lib\libc.a(memset.o)
                0x9d000670                memset

.dinit          0x9d000718       0x44
 .dinit         0x9d000718       0x44 data_init

.text.INTEnableSystemMultiVectoredInt
                0x9d00075c       0x34
 .text.INTEnableSystemMultiVectoredInt
                0x9d00075c       0x34 c:/program files (x86)/microchip/mplab c32 suite/bin/../lib/gcc/pic32mx/4.5.1/../../../../pic32mx/lib\libmchp_peripheral_32MX795F512L.a(int_enable_mv_int_lib.o)
                0x9d00075c                INTEnableSystemMultiVectoredInt

.text.NVMWriteWord
                0x9d000790       0x34
 .text.NVMWriteWord
                0x9d000790       0x34 c:/program files (x86)/microchip/mplab c32 suite/bin/../lib/gcc/pic32mx/4.5.1/../../../../pic32mx/lib\libmchp_peripheral_32MX795F512L.a(nvm_write_word_lib.o)
                0x9d000790                NVMWriteWord

.text.NVMErasePage
                0x9d0007c4       0x2c
 .text.NVMErasePage
                0x9d0007c4       0x2c c:/program files (x86)/microchip/mplab c32 suite/bin/../lib/gcc/pic32mx/4.5.1/../../../../pic32mx/lib\libmchp_peripheral_32MX795F512L.a(nvm_erase_page_lib.o)
                0x9d0007c4                NVMErasePage

.text.INTRestoreInterrupts
                0x9d0007f0       0x1c
 .text.INTRestoreInterrupts
                0x9d0007f0       0x1c c:/program files (x86)/microchip/mplab c32 suite/bin/../lib/gcc/pic32mx/4.5.1/../../../../pic32mx/lib\libmchp_peripheral_32MX795F512L.a(int_restore_interrupts_lib.o)
                0x9d0007f0                INTRestoreInterrupts

.text           0x9d00080c       0x28
 .text          0x9d00080c       0x18 c:/program files (x86)/microchip/mplab c32 suite/bin/../lib/gcc/pic32mx/4.5.1/../../../../pic32mx/lib\libc.a(default-nmi-handler.o)
                0x9d00080c                _nmi_handler
 .text          0x9d000824       0x10 c:/program files (x86)/microchip/mplab c32 suite/bin/../lib/gcc/pic32mx/4.5.1/../../../../pic32mx/lib/crt0.o
                0x9d00082c                __crt0_exit

.text._general_exception_handler
                0x9d000834        0xc
 .text._general_exception_handler
                0x9d000834        0xc c:/program files (x86)/microchip/mplab c32 suite/bin/../lib/gcc/pic32mx/4.5.1/../../../../pic32mx/lib\libc.a(default-general-exception-handler.o)
                0x9d000834                _general_exception_handler

.text._bootstrap_exception_handler
                0x9d000840        0xc
 .text._bootstrap_exception_handler
                0x9d000840        0xc c:/program files (x86)/microchip/mplab c32 suite/bin/../lib/gcc/pic32mx/4.5.1/../../../../pic32mx/lib\libc.a(default-bootstrap-exception-handler.o)
                0x9d000840                _bootstrap_exception_handler

.text._on_reset
                0x9d00084c        0x8
 .text._on_reset
                0x9d00084c        0x8 c:/program files (x86)/microchip/mplab c32 suite/bin/../lib/gcc/pic32mx/4.5.1/../../../../pic32mx/lib\libc.a(default-on-reset.o)
                0x9d00084c                _on_reset

.text._on_bootstrap
                0x9d000854        0x8
 .text._on_bootstrap
                0x9d000854        0x8 c:/program files (x86)/microchip/mplab c32 suite/bin/../lib/gcc/pic32mx/4.5.1/../../../../pic32mx/lib\libc.a(default-on-bootstrap.o)
                0x9d000854                _on_bootstrap

.text.INTEnableInterrupts
                0x9d00085c        0x8
 .text.INTEnableInterrupts
                0x9d00085c        0x8 c:/program files (x86)/microchip/mplab c32 suite/bin/../lib/gcc/pic32mx/4.5.1/../../../../pic32mx/lib\libmchp_peripheral_32MX795F512L.a(int_enable_interrupts_lib.o)
                0x9d00085c                INTEnableInterrupts

.text.INTDisableInterrupts
                0x9d000864        0x8
 .text.INTDisableInterrupts
                0x9d000864        0x8 c:/program files (x86)/microchip/mplab c32 suite/bin/../lib/gcc/pic32mx/4.5.1/../../../../pic32mx/lib\libmchp_peripheral_32MX795F512L.a(int_disable_interrupts_lib.o)
                0x9d000864                INTDisableInterrupts

.text%z59       0x00000000        0x0
 .text          0x00000000        0x0 c:/program files (x86)/microchip/mplab c32 suite/bin/../lib/gcc/pic32mx/4.5.1/../../../../pic32mx/lib/./proc/32MX795F512L\processor.o

.text%z60       0x00000000        0x0
 .text          0x00000000        0x0 c:/program files (x86)/microchip/mplab c32 suite/bin/../lib/gcc/pic32mx/4.5.1/../../../../pic32mx/lib\libmchp_peripheral_32MX795F512L.a(int_restore_interrupts_lib.o)

.text%z61       0x00000000        0x0
 .text          0x00000000        0x0 c:/program files (x86)/microchip/mplab c32 suite/bin/../lib/gcc/pic32mx/4.5.1/../../../../pic32mx/lib\libmchp_peripheral_32MX795F512L.a(int_disable_interrupts_lib.o)

.text%z62       0x00000000        0x0
 .text          0x00000000        0x0 c:/program files (x86)/microchip/mplab c32 suite/bin/../lib/gcc/pic32mx/4.5.1/../../../../pic32mx/lib\libmchp_peripheral_32MX795F512L.a(nvm_write_word_lib.o)

.text%z63       0x00000000        0x0
 .text          0x00000000        0x0 c:/program files (x86)/microchip/mplab c32 suite/bin/../lib/gcc/pic32mx/4.5.1/../../../../pic32mx/lib\libmchp_peripheral_32MX795F512L.a(nvm_operation_lib.o)

.text%z64       0x00000000        0x0
 .text          0x00000000        0x0 c:/program files (x86)/microchip/mplab c32 suite/bin/../lib/gcc/pic32mx/4.5.1/../../../../pic32mx/lib\libmchp_peripheral_32MX795F512L.a(nvm_erase_page_lib.o)

.text%z65       0x00000000        0x0
 .text          0x00000000        0x0 c:/program files (x86)/microchip/mplab c32 suite/bin/../lib/gcc/pic32mx/4.5.1/../../../../pic32mx/lib\libmchp_peripheral_32MX795F512L.a(int_enable_mv_int_lib.o)

.text%z66       0x00000000        0x0
 .text          0x00000000        0x0 c:/program files (x86)/microchip/mplab c32 suite/bin/../lib/gcc/pic32mx/4.5.1/../../../../pic32mx/lib\libmchp_peripheral_32MX795F512L.a(int_enable_interrupts_lib.o)

.text%z67       0x00000000        0x0
 .text          0x00000000        0x0 c:/program files (x86)/microchip/mplab c32 suite/bin/../lib/gcc/pic32mx/4.5.1/../../../../pic32mx/lib\libc.a(default-on-bootstrap.o)

.text%z68       0x00000000        0x0
 .text          0x00000000        0x0 c:/program files (x86)/microchip/mplab c32 suite/bin/../lib/gcc/pic32mx/4.5.1/../../../../pic32mx/lib\libc.a(default-on-reset.o)

.text%z69       0x00000000        0x0
 .text          0x00000000        0x0 c:/program files (x86)/microchip/mplab c32 suite/bin/../lib/gcc/pic32mx/4.5.1/../../../../pic32mx/lib\libc.a(default-bootstrap-exception-handler.o)

.text%z70       0x00000000        0x0
 .text          0x00000000        0x0 c:/program files (x86)/microchip/mplab c32 suite/bin/../lib/gcc/pic32mx/4.5.1/../../../../pic32mx/lib\libc.a(default-general-exception-handler.o)

.text%z71       0x00000000        0x0
 .text          0x00000000        0x0 c:/program files (x86)/microchip/mplab c32 suite/bin/../lib/gcc/pic32mx/4.5.1/../../../../pic32mx/lib\libc.a(general-exception.o)

.text%z72       0x00000000        0x0
 .text          0x00000000        0x0 usb_descriptors.o
